Archive member included to satisfy reference by file (symbol)

/usr/lib/gcc/arm-none-eabi/4.9.3/armv7-m/libgcc.a(_arm_addsubdf3.o)
                              obj_srf06-cc26xx/ble-hal-cc26xx.o (__aeabi_ui2d)
/usr/lib/gcc/arm-none-eabi/4.9.3/armv7-m/libgcc.a(_arm_muldivdf3.o)
                              obj_srf06-cc26xx/ble-hal-cc26xx.o (__aeabi_dmul)
/usr/lib/gcc/arm-none-eabi/4.9.3/armv7-m/libgcc.a(_arm_fixunsdfsi.o)
                              obj_srf06-cc26xx/ble-hal-cc26xx.o (__aeabi_d2uiz)
/usr/lib/gcc/arm-none-eabi/4.9.3/armv7-m/libgcc.a(_aeabi_ldivmod.o)
                              obj_srf06-cc26xx/tsch-adaptive-timesync.o (__aeabi_ldivmod)
/usr/lib/gcc/arm-none-eabi/4.9.3/armv7-m/libgcc.a(_aeabi_uldivmod.o)
                              obj_srf06-cc26xx/rf-core.o (__aeabi_uldivmod)
/usr/lib/gcc/arm-none-eabi/4.9.3/armv7-m/libgcc.a(bpabi.o)
                              /usr/lib/gcc/arm-none-eabi/4.9.3/armv7-m/libgcc.a(_aeabi_ldivmod.o) (__gnu_ldivmod_helper)
/usr/lib/gcc/arm-none-eabi/4.9.3/armv7-m/libgcc.a(_dvmd_tls.o)
                              /usr/lib/gcc/arm-none-eabi/4.9.3/armv7-m/libgcc.a(_aeabi_ldivmod.o) (__aeabi_ldiv0)
/usr/lib/gcc/arm-none-eabi/4.9.3/armv7-m/libgcc.a(_divdi3.o)
                              /usr/lib/gcc/arm-none-eabi/4.9.3/armv7-m/libgcc.a(bpabi.o) (__divdi3)
/usr/lib/gcc/arm-none-eabi/4.9.3/armv7-m/libgcc.a(_udivdi3.o)
                              /usr/lib/gcc/arm-none-eabi/4.9.3/armv7-m/libgcc.a(bpabi.o) (__udivdi3)
/usr/lib/gcc/arm-none-eabi/4.9.3/../../../arm-none-eabi/lib/armv7-m/libc.a(lib_a-ctype_.o)
                              obj_srf06-cc26xx/resolv.o (__ctype_ptr__)
/usr/lib/gcc/arm-none-eabi/4.9.3/../../../arm-none-eabi/lib/armv7-m/libc.a(lib_a-memcmp.o)
                              obj_srf06-cc26xx/linkaddr.o (memcmp)
/usr/lib/gcc/arm-none-eabi/4.9.3/../../../arm-none-eabi/lib/armv7-m/libc.a(lib_a-memcpy.o)
                              obj_srf06-cc26xx/prop-mode.o (memcpy)
/usr/lib/gcc/arm-none-eabi/4.9.3/../../../arm-none-eabi/lib/armv7-m/libc.a(lib_a-memmove.o)
                              obj_srf06-cc26xx/tsch-packet.o (memmove)
/usr/lib/gcc/arm-none-eabi/4.9.3/../../../arm-none-eabi/lib/armv7-m/libc.a(lib_a-memset.o)
                              obj_srf06-cc26xx/prop-mode.o (memset)
/usr/lib/gcc/arm-none-eabi/4.9.3/../../../arm-none-eabi/lib/armv7-m/libc.a(lib_a-reent.o)
                              obj_srf06-cc26xx/syscalls.o (errno)
/usr/lib/gcc/arm-none-eabi/4.9.3/../../../arm-none-eabi/lib/armv7-m/libc.a(lib_a-strcasecmp.o)
                              obj_srf06-cc26xx/resolv.o (strcasecmp)
/usr/lib/gcc/arm-none-eabi/4.9.3/../../../arm-none-eabi/lib/armv7-m/libc.a(lib_a-strcat.o)
                              obj_srf06-cc26xx/tsch-schedule.o (strcat)
/usr/lib/gcc/arm-none-eabi/4.9.3/../../../arm-none-eabi/lib/armv7-m/libc.a(lib_a-strchr.o)
                              obj_srf06-cc26xx/shell.o (strchr)
/usr/lib/gcc/arm-none-eabi/4.9.3/../../../arm-none-eabi/lib/armv7-m/libc.a(lib_a-strcmp.o)
                              obj_srf06-cc26xx/shell-commands.o (strcmp)
/usr/lib/gcc/arm-none-eabi/4.9.3/../../../arm-none-eabi/lib/armv7-m/libc.a(lib_a-strcpy.o)
                              /usr/lib/gcc/arm-none-eabi/4.9.3/../../../arm-none-eabi/lib/armv7-m/libc.a(lib_a-strcat.o) (strcpy)
/usr/lib/gcc/arm-none-eabi/4.9.3/../../../arm-none-eabi/lib/armv7-m/libc.a(lib_a-strlen.o)
                              obj_srf06-cc26xx/rf-ble.o (strlen)
/usr/lib/gcc/arm-none-eabi/4.9.3/../../../arm-none-eabi/lib/armv7-m/libc.a(lib_a-strncasecmp.o)
                              obj_srf06-cc26xx/resolv.o (strncasecmp)
/usr/lib/gcc/arm-none-eabi/4.9.3/../../../arm-none-eabi/lib/armv7-m/libc.a(lib_a-strncat.o)
                              obj_srf06-cc26xx/resolv.o (strncat)
/usr/lib/gcc/arm-none-eabi/4.9.3/../../../arm-none-eabi/lib/armv7-m/libc.a(lib_a-strncmp.o)
                              obj_srf06-cc26xx/sensors.o (strncmp)
/usr/lib/gcc/arm-none-eabi/4.9.3/../../../arm-none-eabi/lib/armv7-m/libc.a(lib_a-strncpy.o)
                              obj_srf06-cc26xx/resolv.o (strncpy)
/usr/lib/gcc/arm-none-eabi/4.9.3/../../../arm-none-eabi/lib/armv7-m/libc.a(lib_a-strtol.o)
                              obj_srf06-cc26xx/shell-commands.o (strtol)
/usr/lib/gcc/arm-none-eabi/4.9.3/../../../arm-none-eabi/lib/armv7-m/libc.a(lib_a-freer.o)
                              /usr/lib/gcc/arm-none-eabi/4.9.3/../../../arm-none-eabi/lib/armv7-m/libc.a(lib_a-reent.o) (_free_r)
/usr/lib/gcc/arm-none-eabi/4.9.3/../../../arm-none-eabi/lib/armv7-m/libc.a(lib_a-impure.o)
                              /usr/lib/gcc/arm-none-eabi/4.9.3/../../../arm-none-eabi/lib/armv7-m/libc.a(lib_a-reent.o) (_impure_ptr)
/usr/lib/gcc/arm-none-eabi/4.9.3/../../../arm-none-eabi/lib/armv7-m/libc.a(lib_a-mallocr.o)
                              /usr/lib/gcc/arm-none-eabi/4.9.3/../../../arm-none-eabi/lib/armv7-m/libc.a(lib_a-freer.o) (__malloc_current_mallinfo)
[...]
Memory Configuration

Name             Origin             Length             Attributes
FLASH            0x0000000000000000 0x000000000001ffa8 xr
FLASH_CCFG       0x000000000001ffa8 0x0000000000000058 xr
SRAM             0x0000000020000000 0x0000000000005000 xrw
GPRAM            0x0000000011000000 0x0000000000002000 xrw
*default*        0x0000000000000000 0xffffffffffffffff

Linker script and memory map

LOAD obj_srf06-cc26xx/fault-handlers.o
LOAD obj_srf06-cc26xx/ccfg.o
LOAD obj_srf06-cc26xx/startup_gcc.o
LOAD obj_srf06-cc26xx/platform.o
LOAD obj_srf06-cc26xx/leds-arch.o
LOAD obj_srf06-cc26xx/srf06-sensors.o
LOAD obj_srf06-cc26xx/board-buttons.o
LOAD obj_srf06-cc26xx/board.o
LOAD obj_srf06-cc26xx/als-sensor.o
LOAD obj_srf06-cc26xx/smartrf-settings.o
LOAD obj_srf06-cc26xx/prop-mode.o
LOAD obj_srf06-cc26xx/prop-mode-tx-power.o
LOAD obj_srf06-cc26xx/cc13xx-50kbps-tsch.o
LOAD obj_srf06-cc26xx/clock.o
LOAD obj_srf06-cc26xx/rtimer-arch.o
LOAD obj_srf06-cc26xx/soc-rtc.o
LOAD obj_srf06-cc26xx/uart.o
LOAD obj_srf06-cc26xx/contiki-watchdog.o
LOAD obj_srf06-cc26xx/aux-ctrl.o
LOAD obj_srf06-cc26xx/dbg.o
LOAD obj_srf06-cc26xx/ieee-addr.o
LOAD obj_srf06-cc26xx/batmon-sensor.o
LOAD obj_srf06-cc26xx/adc-sensor.o
LOAD obj_srf06-cc26xx/slip-arch.o
LOAD obj_srf06-cc26xx/slip.o
LOAD obj_srf06-cc26xx/cc26xx-uart.o
LOAD obj_srf06-cc26xx/lpm.o
LOAD obj_srf06-cc26xx/gpio-interrupt.o
LOAD obj_srf06-cc26xx/gpio-hal-arch.o
LOAD obj_srf06-cc26xx/oscillators.o
LOAD obj_srf06-cc26xx/rf-core.o
LOAD obj_srf06-cc26xx/rf-ble.o
LOAD obj_srf06-cc26xx/ieee-mode.o
LOAD obj_srf06-cc26xx/ble-cc2650.o
LOAD obj_srf06-cc26xx/ble-hal-cc26xx.o
LOAD obj_srf06-cc26xx/ble-addr.o
LOAD obj_srf06-cc26xx/rf-ble-cmd.o
LOAD obj_srf06-cc26xx/random.o
LOAD obj_srf06-cc26xx/soc-trng.o
LOAD obj_srf06-cc26xx/int-master.o
LOAD obj_srf06-cc26xx/spi-arch.o
LOAD obj_srf06-cc26xx/shell.o
LOAD obj_srf06-cc26xx/shell-commands.o
LOAD obj_srf06-cc26xx/serial-shell.o
LOAD obj_srf06-cc26xx/contiki-main.o
LOAD obj_srf06-cc26xx/stimer.o
LOAD obj_srf06-cc26xx/log.o
LOAD obj_srf06-cc26xx/autostart.o
LOAD obj_srf06-cc26xx/energest.o
LOAD obj_srf06-cc26xx/etimer.o
LOAD obj_srf06-cc26xx/node-id.o
LOAD obj_srf06-cc26xx/mutex.o
LOAD obj_srf06-cc26xx/ctimer.o
LOAD obj_srf06-cc26xx/compower.o
LOAD obj_srf06-cc26xx/process.o
LOAD obj_srf06-cc26xx/rtimer.o
LOAD obj_srf06-cc26xx/timer.o
LOAD obj_srf06-cc26xx/stack-check.o
LOAD obj_srf06-cc26xx/button-hal.o
LOAD obj_srf06-cc26xx/serial-line.o
LOAD obj_srf06-cc26xx/spi.o
LOAD obj_srf06-cc26xx/leds.o
LOAD obj_srf06-cc26xx/nullradio.o
LOAD obj_srf06-cc26xx/gpio-hal.o
LOAD obj_srf06-cc26xx/dbl-circ-list.o
LOAD obj_srf06-cc26xx/crc16.o
LOAD obj_srf06-cc26xx/ifft.o
LOAD obj_srf06-cc26xx/ccm-star.o
LOAD obj_srf06-cc26xx/sensors.o
LOAD obj_srf06-cc26xx/dbl-list.o
LOAD obj_srf06-cc26xx/ringbufindex.o
LOAD obj_srf06-cc26xx/list.o
LOAD obj_srf06-cc26xx/circular-list.o
LOAD obj_srf06-cc26xx/aes-128.o
LOAD obj_srf06-cc26xx/trickle-timer.o
LOAD obj_srf06-cc26xx/memb.o
LOAD obj_srf06-cc26xx/heapmem.o
LOAD obj_srf06-cc26xx/assert.o
LOAD obj_srf06-cc26xx/ringbuf.o
LOAD obj_srf06-cc26xx/queuebuf.o
LOAD obj_srf06-cc26xx/nbr-table.o
LOAD obj_srf06-cc26xx/packetbuf.o
LOAD obj_srf06-cc26xx/netstack.o
LOAD obj_srf06-cc26xx/linkaddr.o
LOAD obj_srf06-cc26xx/net-debug.o
LOAD obj_srf06-cc26xx/link-stats.o
LOAD obj_srf06-cc26xx/mac-sequence.o
LOAD obj_srf06-cc26xx/mac.o
LOAD obj_srf06-cc26xx/frame802154e-ie.o
LOAD obj_srf06-cc26xx/framer-802154.o
LOAD obj_srf06-cc26xx/nullframer.o
LOAD obj_srf06-cc26xx/frame802154.o
LOAD obj_srf06-cc26xx/driverlib_release.o
LOAD obj_srf06-cc26xx/udma.o
LOAD obj_srf06-cc26xx/ssi.o
LOAD obj_srf06-cc26xx/aux_wuc.o
LOAD obj_srf06-cc26xx/rom_crypto.o
LOAD obj_srf06-cc26xx/watchdog.o
LOAD obj_srf06-cc26xx/aon_rtc.o
LOAD obj_srf06-cc26xx/osc.o
LOAD obj_srf06-cc26xx/smph.o
LOAD obj_srf06-cc26xx/aon_ioc.o
LOAD obj_srf06-cc26xx/i2c.o
LOAD obj_srf06-cc26xx/aon_wuc.o
LOAD obj_srf06-cc26xx/crypto.o
LOAD obj_srf06-cc26xx/adi.o
LOAD obj_srf06-cc26xx/rfc.o
LOAD obj_srf06-cc26xx/ioc.o
LOAD obj_srf06-cc26xx/ddi.o
LOAD obj_srf06-cc26xx/setup.o
LOAD obj_srf06-cc26xx/aon_batmon.o
LOAD obj_srf06-cc26xx/sys_ctrl.o
LOAD obj_srf06-cc26xx/interrupt.o
LOAD obj_srf06-cc26xx/aux_tdc.o
LOAD obj_srf06-cc26xx/ccfgread.o
LOAD obj_srf06-cc26xx/flash.o
LOAD obj_srf06-cc26xx/vims.o
LOAD obj_srf06-cc26xx/gpio.o
LOAD obj_srf06-cc26xx/cpu.o
LOAD obj_srf06-cc26xx/pwr_ctrl.o
LOAD obj_srf06-cc26xx/event.o
LOAD obj_srf06-cc26xx/setup_rom.o
LOAD obj_srf06-cc26xx/aon_event.o
LOAD obj_srf06-cc26xx/prcm.o
LOAD obj_srf06-cc26xx/aux_timer.o
LOAD obj_srf06-cc26xx/i2s.o
LOAD obj_srf06-cc26xx/systick.o
LOAD obj_srf06-cc26xx/aux_smph.o
LOAD obj_srf06-cc26xx/aux_adc.o
LOAD obj_srf06-cc26xx/chipinfo.o
LOAD obj_srf06-cc26xx/trng.o
LOAD obj_srf06-cc26xx/syscalls.o
LOAD obj_srf06-cc26xx/strformat.o
LOAD obj_srf06-cc26xx/printf.o
LOAD obj_srf06-cc26xx/sprintf.o
LOAD obj_srf06-cc26xx/snprintf.o
LOAD obj_srf06-cc26xx/puts.o
LOAD obj_srf06-cc26xx/putchar.o
LOAD obj_srf06-cc26xx/tsch-queue.o
LOAD obj_srf06-cc26xx/tsch-timeslot-timing.o
LOAD obj_srf06-cc26xx/tsch-schedule.o
LOAD obj_srf06-cc26xx/tsch-slot-operation.o
LOAD obj_srf06-cc26xx/tsch-security.o
LOAD obj_srf06-cc26xx/tsch-rpl.o
LOAD obj_srf06-cc26xx/tsch-adaptive-timesync.o
LOAD obj_srf06-cc26xx/tsch-packet.o
LOAD obj_srf06-cc26xx/tsch-stats.o
LOAD obj_srf06-cc26xx/tsch.o
LOAD obj_srf06-cc26xx/tsch-log.o
LOAD obj_srf06-cc26xx/uipbuf.o
LOAD obj_srf06-cc26xx/uip-icmp6.o
LOAD obj_srf06-cc26xx/uip-sr.o
LOAD obj_srf06-cc26xx/uip-ds6.o
LOAD obj_srf06-cc26xx/uip-packetqueue.o
LOAD obj_srf06-cc26xx/tcp-socket.o
LOAD obj_srf06-cc26xx/uiplib.o
LOAD obj_srf06-cc26xx/ip64-addr.o
LOAD obj_srf06-cc26xx/uip-udp-packet.o
LOAD obj_srf06-cc26xx/uip-ds6-route.o
LOAD obj_srf06-cc26xx/psock.o
LOAD obj_srf06-cc26xx/tcpip.o
LOAD obj_srf06-cc26xx/uip6.o
LOAD obj_srf06-cc26xx/resolv.o
LOAD obj_srf06-cc26xx/uip-ds6-nbr.o
LOAD obj_srf06-cc26xx/uip-nameserver.o
LOAD obj_srf06-cc26xx/uip-nd6.o
LOAD obj_srf06-cc26xx/udp-socket.o
LOAD obj_srf06-cc26xx/simple-udp.o
LOAD obj_srf06-cc26xx/sicslowpan.o
LOAD obj_srf06-cc26xx/rpl-nbr-policy.o
LOAD obj_srf06-cc26xx/rpl-of0.o
LOAD obj_srf06-cc26xx/rpl-neighbor.o
LOAD obj_srf06-cc26xx/rpl-dag.o
LOAD obj_srf06-cc26xx/rpl-timers.o
LOAD obj_srf06-cc26xx/rpl-ext-header.o
LOAD obj_srf06-cc26xx/rpl.o
LOAD obj_srf06-cc26xx/rpl-mrhof.o
LOAD obj_srf06-cc26xx/rpl-icmp6.o
LOAD obj_srf06-cc26xx/rpl-dag-root.o
LOAD node.o
START GROUP
LOAD /usr/lib/gcc/arm-none-eabi/4.9.3/../../../arm-none-eabi/lib/armv7-m/libm.a
END GROUP
START GROUP
LOAD /usr/lib/gcc/arm-none-eabi/4.9.3/armv7-m/libgcc.a
LOAD /usr/lib/gcc/arm-none-eabi/4.9.3/../../../arm-none-eabi/lib/armv7-m/libc.a
END GROUP
                0x0000000020005000                _estack = (ORIGIN (SRAM) + LENGTH (SRAM))
                0x0000000000000000                _Min_Heap_Size = 0x0
                0x0000000000000400                _Min_Stack_Size = 0x400

.text           0x0000000000000000    0x18d5c
                0x0000000000000000                _text = .
 *(SORT(.vectors))
 .vectors       0x0000000000000000       0xc8 obj_srf06-cc26xx/startup_gcc.o
                0x0000000000000000                g_pfnVectors
 *(SORT(.text*))
 .text.FaultISR
                0x00000000000000c8       0x18 obj_srf06-cc26xx/fault-handlers.o
                0x00000000000000c8                FaultISR
 .text.NmiSRHandler
                0x00000000000000e0        0x4 obj_srf06-cc26xx/startup_gcc.o
                0x00000000000000e0                NmiSR
 .text.IntDefaultHandler
                0x00000000000000e4        0x4 obj_srf06-cc26xx/startup_gcc.o
                0x00000000000000e4                SSI0IntHandler
                0x00000000000000e4                SWEvent0IntHandler
                0x00000000000000e4                uDMAIntHandler
                0x00000000000000e4                WatchdogIntHandler
                0x00000000000000e4                RFCHardwareIntHandler
                0x00000000000000e4                Timer1BIntHandler
                0x00000000000000e4                I2SIntHandler
                0x00000000000000e4                Timer2BIntHandler
                0x00000000000000e4                Timer2AIntHandler
                0x00000000000000e4                Timer1AIntHandler
                0x00000000000000e4                AONIntHandler
                0x00000000000000e4                AUXSWEvent0IntHandler
                0x00000000000000e4                AUXADCIntHandler
                0x00000000000000e4                PendSVIntHandler
                0x00000000000000e4                AUXSWEvent1IntHandler
                0x00000000000000e4                SVCallIntHandler
                0x00000000000000e4                MPUFaultIntHandler
                0x00000000000000e4                SysTickIntHandler
                0x00000000000000e4                BusFaultIntHandler
                0x00000000000000e4                AONProgIntHandler
                0x00000000000000e4                AUXCompAIntHandler
                0x00000000000000e4                SSI1IntHandler
                0x00000000000000e4                FlashIntHandler
                0x00000000000000e4                uDMAErrIntHandler
                0x00000000000000e4                UsageFaultIntHandler
                0x00000000000000e4                RFCCmdAckIntHandler
                0x00000000000000e4                CryptoIntHandler
                0x00000000000000e4                Timer0AIntHandler
                0x00000000000000e4                I2CIntHandler
                0x00000000000000e4                DebugMonIntHandler
                0x00000000000000e4                Timer0BIntHandler
                0x00000000000000e4                AUXCombEventIntHandler
                0x00000000000000e4                Timer3AIntHandler
                0x00000000000000e4                DynProgIntHandler
                0x00000000000000e4                Timer3BIntHandler
 .text.ResetISR
                0x00000000000000e8       0x5c obj_srf06-cc26xx/startup_gcc.o
                0x00000000000000e8                ResetISR
 .text.fade     0x0000000000000144       0x64 obj_srf06-cc26xx/platform.o
 .text.platform_init_stage_one
                0x00000000000001a8       0x7c obj_srf06-cc26xx/platform.o
                0x00000000000001a8                platform_init_stage_one
 .text.platform_init_stage_two
                0x0000000000000224       0x38 obj_srf06-cc26xx/platform.o
                0x0000000000000224                platform_init_stage_two
 .text.platform_init_stage_three
                0x000000000000025c       0xd8 obj_srf06-cc26xx/platform.o
                0x000000000000025c                platform_init_stage_three
 .text.platform_idle
                0x0000000000000334        0x4 obj_srf06-cc26xx/platform.o
                0x0000000000000334                platform_idle
 .text.lpm_handler
                0x0000000000000338       0x34 obj_srf06-cc26xx/board.o
 .text.wakeup_handler
                0x000000000000036c       0x20 obj_srf06-cc26xx/board.o
 .text.board_init
                0x000000000000038c       0x70 obj_srf06-cc26xx/board.o
                0x000000000000038c                board_init
 .text.status   0x00000000000003fc        0x4 obj_srf06-cc26xx/als-sensor.o
 .text.value    0x0000000000000400       0x24 obj_srf06-cc26xx/als-sensor.o
 .text.config   0x0000000000000424       0x88 obj_srf06-cc26xx/als-sensor.o
 .text.set_object
                0x00000000000004ac        0x4 obj_srf06-cc26xx/prop-mode.o
 .text.rf_is_on
                0x00000000000004b0       0x1c obj_srf06-cc26xx/prop-mode.o
 .text.request  0x00000000000004cc       0x20 obj_srf06-cc26xx/prop-mode.o
 .text.soft_off_prop
                0x00000000000004ec       0x54 obj_srf06-cc26xx/prop-mode.o
 .text.rx_on_prop
                0x0000000000000540       0x9c obj_srf06-cc26xx/prop-mode.o
 .text.prepare  0x00000000000005dc       0x1c obj_srf06-cc26xx/prop-mode.o
 .text.pending_packet
                0x00000000000005f8       0x48 obj_srf06-cc26xx/prop-mode.o
 .text.release_data_entry
                0x0000000000000640       0x40 obj_srf06-cc26xx/prop-mode.o
 .text.read_frame
                0x0000000000000680       0xdc obj_srf06-cc26xx/prop-mode.o
 .text.get_object
                0x000000000000075c       0x24 obj_srf06-cc26xx/prop-mode.o
 .text.rx_off_prop
                0x0000000000000780       0x94 obj_srf06-cc26xx/prop-mode.o
 .text.prop_div_radio_setup
                0x0000000000000814       0x50 obj_srf06-cc26xx/prop-mode.o
 .text.prop_fs  0x0000000000000864       0x34 obj_srf06-cc26xx/prop-mode.o
 .text.soft_on_prop
                0x0000000000000898       0x20 obj_srf06-cc26xx/prop-mode.o
 .text.off      0x00000000000008b8       0x3c obj_srf06-cc26xx/prop-mode.o
 .text.on       0x00000000000008f4      0x1fc obj_srf06-cc26xx/prop-mode.o
 .text.set_value
                0x0000000000000af0      0x1b8 obj_srf06-cc26xx/prop-mode.o
 .text.get_value
                0x0000000000000ca8      0x1cc obj_srf06-cc26xx/prop-mode.o
 .text.transmit
                0x0000000000000e74       0xb0 obj_srf06-cc26xx/prop-mode.o
 .text.send     0x0000000000000f24       0x24 obj_srf06-cc26xx/prop-mode.o
 .text.channel_clear
                0x0000000000000f48       0x74 obj_srf06-cc26xx/prop-mode.o
 .text.receiving_packet
                0x0000000000000fbc       0x54 obj_srf06-cc26xx/prop-mode.o
 .text.init     0x0000000000001010       0xb0 obj_srf06-cc26xx/prop-mode.o
 .text.power_domain_on
                0x00000000000010c0       0x20 obj_srf06-cc26xx/clock.o
 .text.clock_init
                0x00000000000010e0       0x98 obj_srf06-cc26xx/clock.o
                0x00000000000010e0                clock_init
 .text.clock_time
                0x0000000000001178       0x34 obj_srf06-cc26xx/clock.o
                0x0000000000001178                clock_time
 .text.clock_update
                0x00000000000011ac       0x3c obj_srf06-cc26xx/clock.o
                0x00000000000011ac                clock_update
 .text.clock_seconds
                0x00000000000011e8       0x18 obj_srf06-cc26xx/clock.o
                0x00000000000011e8                clock_seconds
 .text.clock_delay_usec
                0x0000000000001200       0x84 obj_srf06-cc26xx/clock.o
                0x0000000000001200                clock_delay_usec
 .text.rtimer_arch_init
                0x0000000000001284        0x4 obj_srf06-cc26xx/rtimer-arch.o
                0x0000000000001284                rtimer_arch_init
 .text.rtimer_arch_schedule
                0x0000000000001288        0x8 obj_srf06-cc26xx/rtimer-arch.o
                0x0000000000001288                rtimer_arch_schedule
 .text.rtimer_arch_now
                0x0000000000001290        0x4 obj_srf06-cc26xx/rtimer-arch.o
                0x0000000000001290                rtimer_arch_now
 .text.soc_rtc_init
                0x0000000000001294       0xa0 obj_srf06-cc26xx/soc-rtc.o
                0x0000000000001294                soc_rtc_init
 .text.soc_rtc_schedule_one_shot
                0x0000000000001334       0x70 obj_srf06-cc26xx/soc-rtc.o
                0x0000000000001334                soc_rtc_schedule_one_shot
 .text.soc_rtc_last_isr_time
                0x00000000000013a4        0xc obj_srf06-cc26xx/soc-rtc.o
                0x00000000000013a4                soc_rtc_last_isr_time
 .text.AONRTCIntHandler
                0x00000000000013b0       0x88 obj_srf06-cc26xx/soc-rtc.o
                0x00000000000013b0                AONRTCIntHandler
 .text.lock_config
                0x0000000000001438       0x18 obj_srf06-cc26xx/contiki-watchdog.o
 .text.unlock_config
                0x0000000000001450       0x2c obj_srf06-cc26xx/contiki-watchdog.o
 .text.watchdog_init
                0x000000000000147c       0x1c obj_srf06-cc26xx/contiki-watchdog.o
                0x000000000000147c                watchdog_init
 .text.watchdog_start
                0x0000000000001498       0x30 obj_srf06-cc26xx/contiki-watchdog.o
                0x0000000000001498                watchdog_start
 .text.watchdog_periodic
                0x00000000000014c8       0x1c obj_srf06-cc26xx/contiki-watchdog.o
                0x00000000000014c8                watchdog_periodic
 .text.watchdog_reboot
                0x00000000000014e4        0x8 obj_srf06-cc26xx/contiki-watchdog.o
                0x00000000000014e4                watchdog_reboot
 .text.aux_ctrl_power_up
                0x00000000000014ec       0x28 obj_srf06-cc26xx/aux-ctrl.o
                0x00000000000014ec                aux_ctrl_power_up
 .text.aux_ctrl_register_consumer
                0x0000000000001514       0x40 obj_srf06-cc26xx/aux-ctrl.o
                0x0000000000001514                aux_ctrl_register_consumer
 .text.aux_ctrl_power_down
                0x0000000000001554       0x6c obj_srf06-cc26xx/aux-ctrl.o
                0x0000000000001554                aux_ctrl_power_down
 .text.aux_ctrl_unregister_consumer
                0x00000000000015c0       0x28 obj_srf06-cc26xx/aux-ctrl.o
                0x00000000000015c0                aux_ctrl_unregister_consumer
 .text.dbg_send_bytes
                0x00000000000015e8       0x40 obj_srf06-cc26xx/dbg.o
                0x00000000000015e8                dbg_send_bytes
 .text.ieee_addr_cpy_to
                0x0000000000001628       0x40 obj_srf06-cc26xx/ieee-addr.o
                0x0000000000001628                ieee_addr_cpy_to
 .text.power_and_clock
                0x0000000000001668       0x40 obj_srf06-cc26xx/cc26xx-uart.o
 .text.enable   0x00000000000016a8       0xf0 obj_srf06-cc26xx/cc26xx-uart.o
 .text.accessible
                0x0000000000001798       0x24 obj_srf06-cc26xx/cc26xx-uart.o
 .text.lpm_drop_handler
                0x00000000000017bc       0xcc obj_srf06-cc26xx/cc26xx-uart.o
 .text.cc26xx_uart_init
                0x0000000000001888       0x28 obj_srf06-cc26xx/cc26xx-uart.o
                0x0000000000001888                cc26xx_uart_init
 .text.cc26xx_uart_write_byte
                0x00000000000018b0       0x28 obj_srf06-cc26xx/cc26xx-uart.o
                0x00000000000018b0                cc26xx_uart_write_byte
 .text.cc26xx_uart_set_input
                0x00000000000018d8       0x64 obj_srf06-cc26xx/cc26xx-uart.o
                0x00000000000018d8                cc26xx_uart_set_input
 .text.cc26xx_uart_busy
                0x000000000000193c       0x18 obj_srf06-cc26xx/cc26xx-uart.o
                0x000000000000193c                cc26xx_uart_busy
 .text.UART0IntHandler
                0x0000000000001954       0x54 obj_srf06-cc26xx/cc26xx-uart.o
                0x0000000000001954                UART0IntHandler
 .text.lpm_sleep
                0x00000000000019a8       0x14 obj_srf06-cc26xx/lpm.o
                0x00000000000019a8                lpm_sleep
 .text.lpm_drop
                0x00000000000019bc      0x290 obj_srf06-cc26xx/lpm.o
                0x00000000000019bc                lpm_drop
 .text.lpm_register_module
                0x0000000000001c4c        0xc obj_srf06-cc26xx/lpm.o
                0x0000000000001c4c                lpm_register_module
 .text.lpm_unregister_module
                0x0000000000001c58        0xc obj_srf06-cc26xx/lpm.o
                0x0000000000001c58                lpm_unregister_module
 .text.lpm_init
                0x0000000000001c64       0x20 obj_srf06-cc26xx/lpm.o
                0x0000000000001c64                lpm_init
 .text.lpm_pin_set_default_state
                0x0000000000001c84       0x2c obj_srf06-cc26xx/lpm.o
                0x0000000000001c84                lpm_pin_set_default_state
 .text.GPIOIntHandler
                0x0000000000001cb0       0x10 obj_srf06-cc26xx/gpio-interrupt.o
                0x0000000000001cb0                GPIOIntHandler
 .text.gpio_hal_arch_pin_cfg_set
                0x0000000000001cc0       0x74 obj_srf06-cc26xx/gpio-hal-arch.o
                0x0000000000001cc0                gpio_hal_arch_pin_cfg_set
 .text.gpio_hal_arch_read_pin
                0x0000000000001d34       0x28 obj_srf06-cc26xx/gpio-hal-arch.o
                0x0000000000001d34                gpio_hal_arch_read_pin
 .text.oscillators_select_lf_xosc
                0x0000000000001d5c       0x58 obj_srf06-cc26xx/oscillators.o
                0x0000000000001d5c                oscillators_select_lf_xosc
 .text.oscillators_request_hf_xosc
                0x0000000000001db4       0x30 obj_srf06-cc26xx/oscillators.o
                0x0000000000001db4                oscillators_request_hf_xosc
 .text.oscillators_switch_to_hf_xosc
                0x0000000000001de4       0x34 obj_srf06-cc26xx/oscillators.o
                0x0000000000001de4                oscillators_switch_to_hf_xosc
 .text.oscillators_switch_to_hf_rc
                0x0000000000001e18       0x38 obj_srf06-cc26xx/oscillators.o
                0x0000000000001e18                oscillators_switch_to_hf_rc
 .text.process_thread_rf_core_process
                0x0000000000001e50       0x58 obj_srf06-cc26xx/rf-core.o
 .text.rf_core_is_accessible
                0x0000000000001ea8       0x10 obj_srf06-cc26xx/rf-core.o
                0x0000000000001ea8                rf_core_is_accessible
 .text.rf_core_send_cmd
                0x0000000000001eb8       0xa4 obj_srf06-cc26xx/rf-core.o
                0x0000000000001eb8                rf_core_send_cmd
 .text.rf_core_wait_cmd_done
                0x0000000000001f5c       0x30 obj_srf06-cc26xx/rf-core.o
                0x0000000000001f5c                rf_core_wait_cmd_done
 .text.rf_core_power_up
                0x0000000000001f8c       0xcc obj_srf06-cc26xx/rf-core.o
                0x0000000000001f8c                rf_core_power_up
 .text.rf_core_start_rat
                0x0000000000002058       0x70 obj_srf06-cc26xx/rf-core.o
                0x0000000000002058                rf_core_start_rat
 .text.rf_core_stop_rat
                0x00000000000020c8       0x88 obj_srf06-cc26xx/rf-core.o
                0x00000000000020c8                rf_core_stop_rat
 .text.rf_core_power_down
                0x0000000000002150       0xf4 obj_srf06-cc26xx/rf-core.o
                0x0000000000002150                rf_core_power_down
 .text.rf_core_set_modesel
                0x0000000000002244       0x44 obj_srf06-cc26xx/rf-core.o
                0x0000000000002244                rf_core_set_modesel
 .text.rf_core_restart_rat
                0x0000000000002288       0x18 obj_srf06-cc26xx/rf-core.o
                0x0000000000002288                rf_core_restart_rat
 .text.rf_core_setup_interrupts
                0x00000000000022a0       0x80 obj_srf06-cc26xx/rf-core.o
                0x00000000000022a0                rf_core_setup_interrupts
 .text.rf_core_cmd_done_en
                0x0000000000002320       0x34 obj_srf06-cc26xx/rf-core.o
                0x0000000000002320                rf_core_cmd_done_en
 .text.rf_core_cmd_done_dis
                0x0000000000002354       0x20 obj_srf06-cc26xx/rf-core.o
                0x0000000000002354                rf_core_cmd_done_dis
 .text.rf_core_get_last_radio_op
                0x0000000000002374        0xc obj_srf06-cc26xx/rf-core.o
                0x0000000000002374                rf_core_get_last_radio_op
 .text.rf_core_primary_mode_register
                0x0000000000002380        0xc obj_srf06-cc26xx/rf-core.o
                0x0000000000002380                rf_core_primary_mode_register
 .text.rf_core_rat_init
                0x000000000000238c       0x2c obj_srf06-cc26xx/rf-core.o
                0x000000000000238c                rf_core_rat_init
 .text.rf_core_check_rat_overflow
                0x00000000000023b8       0x70 obj_srf06-cc26xx/rf-core.o
                0x00000000000023b8                rf_core_check_rat_overflow
 .text.rat_overflow_check_timer_cb
                0x0000000000002428       0x60 obj_srf06-cc26xx/rf-core.o
 .text.rf_core_convert_rat_to_rtimer
                0x0000000000002488       0xa0 obj_srf06-cc26xx/rf-core.o
                0x0000000000002488                rf_core_convert_rat_to_rtimer
 .text.RFCCPE1IntHandler
                0x0000000000002528       0x54 obj_srf06-cc26xx/rf-core.o
                0x0000000000002528                RFCCPE1IntHandler
 .text.RFCCPE0IntHandler
                0x000000000000257c       0x5c obj_srf06-cc26xx/rf-core.o
                0x000000000000257c                RFCCPE0IntHandler
 .text.rf_ble_is_active
                0x00000000000025d8        0xc obj_srf06-cc26xx/rf-ble.o
                0x00000000000025d8                rf_ble_is_active
 .text.random_rand
                0x00000000000025e4        0xc obj_srf06-cc26xx/random.o
                0x00000000000025e4                random_rand
 .text.random_init
                0x00000000000025f0        0x4 obj_srf06-cc26xx/random.o
                0x00000000000025f0                random_init
 .text.power_up
                0x00000000000025f4       0x40 obj_srf06-cc26xx/soc-trng.o
 .text.request  0x0000000000002634       0x14 obj_srf06-cc26xx/soc-trng.o
 .text.process_thread_soc_trng_process
                0x0000000000002648       0x94 obj_srf06-cc26xx/soc-trng.o
 .text.accessible
                0x00000000000026dc       0x24 obj_srf06-cc26xx/soc-trng.o
 .text.soc_trng_rand_synchronous
                0x0000000000002700       0xc4 obj_srf06-cc26xx/soc-trng.o
                0x0000000000002700                soc_trng_rand_synchronous
 .text.TRNGIntHandler
                0x00000000000027c4       0x50 obj_srf06-cc26xx/soc-trng.o
                0x00000000000027c4                TRNGIntHandler
 .text.soc_trng_init
                0x0000000000002814       0x28 obj_srf06-cc26xx/soc-trng.o
                0x0000000000002814                soc_trng_init
 .text.int_master_read_and_disable
                0x000000000000283c       0x10 obj_srf06-cc26xx/int-master.o
                0x000000000000283c                int_master_read_and_disable
 .text.int_master_status_set
                0x000000000000284c        0x8 obj_srf06-cc26xx/int-master.o
                0x000000000000284c                int_master_status_set
 .text.shell_output_6addr
                0x0000000000002854       0x28 obj_srf06-cc26xx/shell.o
                0x0000000000002854                shell_output_6addr
 .text.shell_output_lladdr
                0x000000000000287c       0x70 obj_srf06-cc26xx/shell.o
                0x000000000000287c                shell_output_lladdr
 .text.shell_input
                0x00000000000028ec       0xc4 obj_srf06-cc26xx/shell.o
                0x00000000000028ec                shell_input
 .text.shell_init
                0x00000000000029b0        0x4 obj_srf06-cc26xx/shell.o
                0x00000000000029b0                shell_init
 .text.echo_reply_handler
                0x00000000000029b4       0x30 obj_srf06-cc26xx/shell-commands.o
 .text.cmd_rpl_global_repair
                0x00000000000029e4       0x38 obj_srf06-cc26xx/shell-commands.o
 .text.cmd_rpl_local_repair
                0x0000000000002a1c       0x38 obj_srf06-cc26xx/shell-commands.o
 .text.cmd_help
                0x0000000000002a54       0x68 obj_srf06-cc26xx/shell-commands.o
 .text.cmd_tsch_status
                0x0000000000002abc      0x134 obj_srf06-cc26xx/shell-commands.o
 .text.cmd_tsch_schedule
                0x0000000000002bf0       0xc8 obj_srf06-cc26xx/shell-commands.o
 .text.cmd_tsch_set_coordinator
                0x0000000000002cb8      0x140 obj_srf06-cc26xx/shell-commands.o
 .text.cmd_ipaddr
                0x0000000000002df8       0x74 obj_srf06-cc26xx/shell-commands.o
 .text.cmd_routes
                0x0000000000002e6c       0xf8 obj_srf06-cc26xx/shell-commands.o
 .text.cmd_rpl_nbr
                0x0000000000002f64       0x8c obj_srf06-cc26xx/shell-commands.o
 .text.cmd_rpl_status
                0x0000000000002ff0      0x288 obj_srf06-cc26xx/shell-commands.o
 .text.cmd_rpl_refresh_routes
                0x0000000000003278       0x34 obj_srf06-cc26xx/shell-commands.o
 .text.cmd_rpl_set_root
                0x00000000000032ac      0x178 obj_srf06-cc26xx/shell-commands.o
 .text.cmd_ping
                0x0000000000003424      0x16c obj_srf06-cc26xx/shell-commands.o
 .text.shell_output_log_levels
                0x0000000000003590       0x50 obj_srf06-cc26xx/shell-commands.o
 .text.cmd_log  0x00000000000035e0      0x180 obj_srf06-cc26xx/shell-commands.o
 .text.cmd_ip_neighbors
                0x0000000000003760       0xd4 obj_srf06-cc26xx/shell-commands.o
 .text.cmd_reboot
                0x0000000000003834       0x2c obj_srf06-cc26xx/shell-commands.o
 .text.shell_commands_init
                0x0000000000003860       0x30 obj_srf06-cc26xx/shell-commands.o
                0x0000000000003860                shell_commands_init
 .text.shell_command_lookup
                0x0000000000003890       0x40 obj_srf06-cc26xx/shell-commands.o
                0x0000000000003890                shell_command_lookup
 .text.process_thread_serial_shell_process
                0x00000000000038d0       0x58 obj_srf06-cc26xx/serial-shell.o
 .text.serial_shell_output
                0x0000000000003928        0xc obj_srf06-cc26xx/serial-shell.o
 .text.serial_shell_init
                0x0000000000003934        0xc obj_srf06-cc26xx/serial-shell.o
                0x0000000000003934                serial_shell_init
 .text.startup.main
                0x0000000000003940      0x1fc obj_srf06-cc26xx/contiki-main.o
                0x0000000000003940                main
 .text.stimer_set
                0x0000000000003b3c       0x10 obj_srf06-cc26xx/stimer.o
                0x0000000000003b3c                stimer_set
 .text.stimer_expired
                0x0000000000003b4c       0x20 obj_srf06-cc26xx/stimer.o
                0x0000000000003b4c                stimer_expired
 .text.log_6addr
                0x0000000000003b6c       0x20 obj_srf06-cc26xx/log.o
                0x0000000000003b6c                log_6addr
 .text.log_lladdr
                0x0000000000003b8c       0x54 obj_srf06-cc26xx/log.o
                0x0000000000003b8c                log_lladdr
 .text.log_lladdr_compact
                0x0000000000003be0       0x3c obj_srf06-cc26xx/log.o
                0x0000000000003be0                log_lladdr_compact
 .text.log_set_level
                0x0000000000003c1c       0x48 obj_srf06-cc26xx/log.o
                0x0000000000003c1c                log_set_level
 .text.log_get_level
                0x0000000000003c64       0x44 obj_srf06-cc26xx/log.o
                0x0000000000003c64                log_get_level
 .text.log_level_to_str
                0x0000000000003ca8       0x18 obj_srf06-cc26xx/log.o
                0x0000000000003ca8                log_level_to_str
 .text.autostart_start
                0x0000000000003cc0       0x18 obj_srf06-cc26xx/autostart.o
                0x0000000000003cc0                autostart_start
 .text.energest_init
                0x0000000000003cd8        0x4 obj_srf06-cc26xx/energest.o
                0x0000000000003cd8                energest_init
 .text.update_time
                0x0000000000003cdc       0x44 obj_srf06-cc26xx/etimer.o
 .text.process_thread_etimer_process
                0x0000000000003d20       0xc8 obj_srf06-cc26xx/etimer.o
 .text.add_timer
                0x0000000000003de8       0x54 obj_srf06-cc26xx/etimer.o
 .text.etimer_request_poll
                0x0000000000003e3c        0xc obj_srf06-cc26xx/etimer.o
                0x0000000000003e3c                etimer_request_poll
 .text.etimer_set
                0x0000000000003e48       0x14 obj_srf06-cc26xx/etimer.o
                0x0000000000003e48                etimer_set
 .text.etimer_reset
                0x0000000000003e5c       0x14 obj_srf06-cc26xx/etimer.o
                0x0000000000003e5c                etimer_reset
 .text.etimer_expired
                0x0000000000003e70        0xc obj_srf06-cc26xx/etimer.o
                0x0000000000003e70                etimer_expired
 .text.etimer_pending
                0x0000000000003e7c       0x10 obj_srf06-cc26xx/etimer.o
                0x0000000000003e7c                etimer_pending
 .text.etimer_next_expiration_time
                0x0000000000003e8c       0x14 obj_srf06-cc26xx/etimer.o
                0x0000000000003e8c                etimer_next_expiration_time
 .text.etimer_stop
                0x0000000000003ea0       0x4c obj_srf06-cc26xx/etimer.o
                0x0000000000003ea0                etimer_stop
 .text.node_id_init
                0x0000000000003eec       0x18 obj_srf06-cc26xx/node-id.o
                0x0000000000003eec                node_id_init
 .text.process_thread_ctimer_process
                0x0000000000003f04       0x94 obj_srf06-cc26xx/ctimer.o
 .text.ctimer_init
                0x0000000000003f98       0x28 obj_srf06-cc26xx/ctimer.o
                0x0000000000003f98                ctimer_init
 .text.ctimer_set_with_process
                0x0000000000003fc0       0x4c obj_srf06-cc26xx/ctimer.o
                0x0000000000003fc0                ctimer_set_with_process
 .text.ctimer_set
                0x000000000000400c       0x18 obj_srf06-cc26xx/ctimer.o
                0x000000000000400c                ctimer_set
 .text.ctimer_reset
                0x0000000000004024       0x38 obj_srf06-cc26xx/ctimer.o
                0x0000000000004024                ctimer_reset
 .text.ctimer_stop
                0x000000000000405c       0x34 obj_srf06-cc26xx/ctimer.o
                0x000000000000405c                ctimer_stop
 .text.ctimer_expired
                0x0000000000004090       0x38 obj_srf06-cc26xx/ctimer.o
                0x0000000000004090                ctimer_expired
 .text.exit_process
                0x00000000000040c8       0xb0 obj_srf06-cc26xx/process.o
 .text.call_process.part.0
                0x0000000000004178       0x38 obj_srf06-cc26xx/process.o
 .text.do_poll  0x00000000000041b0       0x3c obj_srf06-cc26xx/process.o
 .text.process_alloc_event
                0x00000000000041ec       0x10 obj_srf06-cc26xx/process.o
                0x00000000000041ec                process_alloc_event
 .text.process_init
                0x00000000000041fc       0x34 obj_srf06-cc26xx/process.o
                0x00000000000041fc                process_init
 .text.process_run
                0x0000000000004230       0xac obj_srf06-cc26xx/process.o
                0x0000000000004230                process_run
 .text.process_nevents
                0x00000000000042dc       0x14 obj_srf06-cc26xx/process.o
                0x00000000000042dc                process_nevents
 .text.process_post
                0x00000000000042f0       0x40 obj_srf06-cc26xx/process.o
                0x00000000000042f0                process_post
 .text.process_post_synch
                0x0000000000004330       0x18 obj_srf06-cc26xx/process.o
                0x0000000000004330                process_post_synch
 .text.process_start
                0x0000000000004348       0x40 obj_srf06-cc26xx/process.o
                0x0000000000004348                process_start
 .text.process_poll
                0x0000000000004388       0x18 obj_srf06-cc26xx/process.o
                0x0000000000004388                process_poll
 .text.rtimer_init
                0x00000000000043a0        0x4 obj_srf06-cc26xx/rtimer.o
                0x00000000000043a0                rtimer_init
 .text.rtimer_set
                0x00000000000043a4       0x2c obj_srf06-cc26xx/rtimer.o
                0x00000000000043a4                rtimer_set
 .text.rtimer_run_next
                0x00000000000043d0       0x28 obj_srf06-cc26xx/rtimer.o
                0x00000000000043d0                rtimer_run_next
 .text.timer_set
                0x00000000000043f8       0x10 obj_srf06-cc26xx/timer.o
                0x00000000000043f8                timer_set
 .text.timer_reset
                0x0000000000004408       0x1c obj_srf06-cc26xx/timer.o
                0x0000000000004408                timer_reset
 .text.timer_expired
                0x0000000000004424       0x1c obj_srf06-cc26xx/timer.o
                0x0000000000004424                timer_expired
 .text.stack_check_init
                0x0000000000004440       0x3c obj_srf06-cc26xx/stack-check.o
                0x0000000000004440                stack_check_init
 .text.stack_check_get_usage
                0x000000000000447c       0x58 obj_srf06-cc26xx/stack-check.o
                0x000000000000447c                stack_check_get_usage
 .text.process_thread_stack_check_process
                0x00000000000044d4       0x90 obj_srf06-cc26xx/stack-check.o
 .text.duration_exceeded_callback
                0x0000000000004564       0x34 obj_srf06-cc26xx/button-hal.o
 .text.process_thread_button_hal_process
                0x0000000000004598       0x80 obj_srf06-cc26xx/button-hal.o
 .text.press_release_handler
                0x0000000000004618       0x18 obj_srf06-cc26xx/button-hal.o
 .text.button_hal_get_state
                0x0000000000004630       0x24 obj_srf06-cc26xx/button-hal.o
                0x0000000000004630                button_hal_get_state
 .text.debounce_handler
                0x0000000000004654       0x68 obj_srf06-cc26xx/button-hal.o
 .text.button_hal_init
                0x00000000000046bc       0xc0 obj_srf06-cc26xx/button-hal.o
                0x00000000000046bc                button_hal_init
 .text.process_thread_serial_line_process
                0x000000000000477c       0xac obj_srf06-cc26xx/serial-line.o
 .text.serial_line_input_byte
                0x0000000000004828       0x54 obj_srf06-cc26xx/serial-line.o
                0x0000000000004828                serial_line_input_byte
 .text.serial_line_init
                0x000000000000487c       0x24 obj_srf06-cc26xx/serial-line.o
                0x000000000000487c                serial_line_init
 .text.leds_on  0x00000000000048a0       0x4c obj_srf06-cc26xx/leds.o
                0x00000000000048a0                leds_on
 .text.leds_off
                0x00000000000048ec       0x4c obj_srf06-cc26xx/leds.o
                0x00000000000048ec                leds_off
 .text.leds_init
                0x0000000000004938       0x2c obj_srf06-cc26xx/leds.o
                0x0000000000004938                leds_init
 .text.gpio_hal_register_handler
                0x0000000000004964        0xc obj_srf06-cc26xx/gpio-hal.o
                0x0000000000004964                gpio_hal_register_handler
 .text.gpio_hal_event_handler
                0x0000000000004970       0x28 obj_srf06-cc26xx/gpio-hal.o
                0x0000000000004970                gpio_hal_event_handler
 .text.gpio_hal_init
                0x0000000000004998        0xc obj_srf06-cc26xx/gpio-hal.o
                0x0000000000004998                gpio_hal_init
 .text.process_thread_sensors_process
                0x00000000000049a4       0xf8 obj_srf06-cc26xx/sensors.o
 .text.ringbufindex_init
                0x0000000000004a9c        0xc obj_srf06-cc26xx/ringbufindex.o
                0x0000000000004a9c                ringbufindex_init
 .text.ringbufindex_put
                0x0000000000004aa8       0x1c obj_srf06-cc26xx/ringbufindex.o
                0x0000000000004aa8                ringbufindex_put
 .text.ringbufindex_peek_put
                0x0000000000004ac4       0x18 obj_srf06-cc26xx/ringbufindex.o
                0x0000000000004ac4                ringbufindex_peek_put
 .text.ringbufindex_get
                0x0000000000004adc       0x1c obj_srf06-cc26xx/ringbufindex.o
                0x0000000000004adc                ringbufindex_get
 .text.ringbufindex_peek_get
                0x0000000000004af8       0x14 obj_srf06-cc26xx/ringbufindex.o
                0x0000000000004af8                ringbufindex_peek_get
 .text.ringbufindex_elements
                0x0000000000004b0c        0xc obj_srf06-cc26xx/ringbufindex.o
                0x0000000000004b0c                ringbufindex_elements
 .text.ringbufindex_empty
                0x0000000000004b18       0x14 obj_srf06-cc26xx/ringbufindex.o
                0x0000000000004b18                ringbufindex_empty
 .text.list_init
                0x0000000000004b2c        0x8 obj_srf06-cc26xx/list.o
                0x0000000000004b2c                list_init
 .text.list_head
                0x0000000000004b34        0x4 obj_srf06-cc26xx/list.o
                0x0000000000004b34                list_head
 .text.list_add
                0x0000000000004b38       0x48 obj_srf06-cc26xx/list.o
                0x0000000000004b38                list_add
 .text.list_push
                0x0000000000004b80       0x40 obj_srf06-cc26xx/list.o
                0x0000000000004b80                list_push
 .text.list_remove
                0x0000000000004bc0       0x2c obj_srf06-cc26xx/list.o
                0x0000000000004bc0                list_remove
 .text.list_item_next
                0x0000000000004bec        0x8 obj_srf06-cc26xx/list.o
                0x0000000000004bec                list_item_next
 .text.memb_init
                0x0000000000004bf4       0x24 obj_srf06-cc26xx/memb.o
                0x0000000000004bf4                memb_init
 .text.memb_alloc
                0x0000000000004c18       0x3c obj_srf06-cc26xx/memb.o
                0x0000000000004c18                memb_alloc
 .text.memb_free
                0x0000000000004c54       0x44 obj_srf06-cc26xx/memb.o
                0x0000000000004c54                memb_free
 .text.memb_inmemb
                0x0000000000004c98       0x1c obj_srf06-cc26xx/memb.o
                0x0000000000004c98                memb_inmemb
 .text.memb_numfree
                0x0000000000004cb4       0x1c obj_srf06-cc26xx/memb.o
                0x0000000000004cb4                memb_numfree
 .text.ringbuf_init
                0x0000000000004cd0       0x10 obj_srf06-cc26xx/ringbuf.o
                0x0000000000004cd0                ringbuf_init
 .text.ringbuf_put
                0x0000000000004ce0       0x30 obj_srf06-cc26xx/ringbuf.o
                0x0000000000004ce0                ringbuf_put
 .text.ringbuf_get
                0x0000000000004d10       0x28 obj_srf06-cc26xx/ringbuf.o
                0x0000000000004d10                ringbuf_get
 .text.queuebuf_init
                0x0000000000004d38       0x1c obj_srf06-cc26xx/queuebuf.o
                0x0000000000004d38                queuebuf_init
 .text.queuebuf_new_from_packetbuf
                0x0000000000004d54       0x48 obj_srf06-cc26xx/queuebuf.o
                0x0000000000004d54                queuebuf_new_from_packetbuf
 .text.queuebuf_free
                0x0000000000004d9c       0x2c obj_srf06-cc26xx/queuebuf.o
                0x0000000000004d9c                queuebuf_free
 .text.queuebuf_to_packetbuf
                0x0000000000004dc8       0x30 obj_srf06-cc26xx/queuebuf.o
                0x0000000000004dc8                queuebuf_to_packetbuf
 .text.queuebuf_dataptr
                0x0000000000004df8       0x18 obj_srf06-cc26xx/queuebuf.o
                0x0000000000004df8                queuebuf_dataptr
 .text.queuebuf_datalen
                0x0000000000004e10        0x8 obj_srf06-cc26xx/queuebuf.o
                0x0000000000004e10                queuebuf_datalen
 .text.queuebuf_addr
                0x0000000000004e18        0xc obj_srf06-cc26xx/queuebuf.o
                0x0000000000004e18                queuebuf_addr
 .text.queuebuf_attr
                0x0000000000004e24        0xc obj_srf06-cc26xx/queuebuf.o
                0x0000000000004e24                queuebuf_attr
 .text.nbr_set_bit
                0x0000000000004e30       0x4c obj_srf06-cc26xx/nbr-table.o
 .text.index_from_lladdr
                0x0000000000004e7c       0x50 obj_srf06-cc26xx/nbr-table.o
 .text.nbr_get_bit.constprop.0
                0x0000000000004ecc       0x2c obj_srf06-cc26xx/nbr-table.o
 .text.nbr_table_register
                0x0000000000004ef8       0x44 obj_srf06-cc26xx/nbr-table.o
                0x0000000000004ef8                nbr_table_register
 .text.nbr_table_next
                0x0000000000004f3c       0x70 obj_srf06-cc26xx/nbr-table.o
                0x0000000000004f3c                nbr_table_next
 .text.nbr_table_head
                0x0000000000004fac       0x58 obj_srf06-cc26xx/nbr-table.o
                0x0000000000004fac                nbr_table_head
 .text.nbr_table_add_lladdr
                0x0000000000005004      0x1d8 obj_srf06-cc26xx/nbr-table.o
                0x0000000000005004                nbr_table_add_lladdr
 .text.nbr_table_get_from_lladdr
                0x00000000000051dc       0x34 obj_srf06-cc26xx/nbr-table.o
                0x00000000000051dc                nbr_table_get_from_lladdr
 .text.nbr_table_remove
                0x0000000000005210       0x2c obj_srf06-cc26xx/nbr-table.o
                0x0000000000005210                nbr_table_remove
 .text.nbr_table_lock
                0x000000000000523c       0x14 obj_srf06-cc26xx/nbr-table.o
                0x000000000000523c                nbr_table_lock
 .text.nbr_table_unlock
                0x0000000000005250       0x14 obj_srf06-cc26xx/nbr-table.o
                0x0000000000005250                nbr_table_unlock
 .text.nbr_table_get_lladdr
                0x0000000000005264       0x30 obj_srf06-cc26xx/nbr-table.o
                0x0000000000005264                nbr_table_get_lladdr
 .text.packetbuf_copyto
                0x0000000000005294       0x4c obj_srf06-cc26xx/packetbuf.o
                0x0000000000005294                packetbuf_copyto
 .text.packetbuf_hdralloc
                0x00000000000052e0       0x58 obj_srf06-cc26xx/packetbuf.o
                0x00000000000052e0                packetbuf_hdralloc
 .text.packetbuf_hdrreduce
                0x0000000000005338       0x2c obj_srf06-cc26xx/packetbuf.o
                0x0000000000005338                packetbuf_hdrreduce
 .text.packetbuf_set_datalen
                0x0000000000005364        0xc obj_srf06-cc26xx/packetbuf.o
                0x0000000000005364                packetbuf_set_datalen
 .text.packetbuf_dataptr
                0x0000000000005370       0x20 obj_srf06-cc26xx/packetbuf.o
                0x0000000000005370                packetbuf_dataptr
 .text.packetbuf_hdrptr
                0x0000000000005390        0x8 obj_srf06-cc26xx/packetbuf.o
                0x0000000000005390                packetbuf_hdrptr
 .text.packetbuf_datalen
                0x0000000000005398        0xc obj_srf06-cc26xx/packetbuf.o
                0x0000000000005398                packetbuf_datalen
 .text.packetbuf_hdrlen
                0x00000000000053a4       0x18 obj_srf06-cc26xx/packetbuf.o
                0x00000000000053a4                packetbuf_hdrlen
 .text.packetbuf_totlen
                0x00000000000053bc       0x24 obj_srf06-cc26xx/packetbuf.o
                0x00000000000053bc                packetbuf_totlen
 .text.packetbuf_remaininglen
                0x00000000000053e0       0x28 obj_srf06-cc26xx/packetbuf.o
                0x00000000000053e0                packetbuf_remaininglen
 .text.packetbuf_attr_clear
                0x0000000000005408       0x34 obj_srf06-cc26xx/packetbuf.o
                0x0000000000005408                packetbuf_attr_clear
 .text.packetbuf_clear
                0x000000000000543c       0x20 obj_srf06-cc26xx/packetbuf.o
                0x000000000000543c                packetbuf_clear
 .text.packetbuf_copyfrom
                0x000000000000545c       0x40 obj_srf06-cc26xx/packetbuf.o
                0x000000000000545c                packetbuf_copyfrom
 .text.packetbuf_attr_copyto
                0x000000000000549c       0x24 obj_srf06-cc26xx/packetbuf.o
                0x000000000000549c                packetbuf_attr_copyto
 .text.packetbuf_attr_copyfrom
                0x00000000000054c0       0x28 obj_srf06-cc26xx/packetbuf.o
                0x00000000000054c0                packetbuf_attr_copyfrom
 .text.packetbuf_set_attr
                0x00000000000054e8       0x10 obj_srf06-cc26xx/packetbuf.o
                0x00000000000054e8                packetbuf_set_attr
 .text.packetbuf_attr
                0x00000000000054f8        0xc obj_srf06-cc26xx/packetbuf.o
                0x00000000000054f8                packetbuf_attr
 .text.packetbuf_set_addr
                0x0000000000005504       0x18 obj_srf06-cc26xx/packetbuf.o
                0x0000000000005504                packetbuf_set_addr
 .text.packetbuf_addr
                0x000000000000551c       0x10 obj_srf06-cc26xx/packetbuf.o
                0x000000000000551c                packetbuf_addr
 .text.packetbuf_holds_broadcast
                0x000000000000552c       0x10 obj_srf06-cc26xx/packetbuf.o
                0x000000000000552c                packetbuf_holds_broadcast
 .text.netstack_process_ip_callback
                0x000000000000553c       0x44 obj_srf06-cc26xx/netstack.o
                0x000000000000553c                netstack_process_ip_callback
 .text.netstack_init
                0x0000000000005580       0x24 obj_srf06-cc26xx/netstack.o
                0x0000000000005580                netstack_init
 .text.linkaddr_copy
                0x00000000000055a4        0x8 obj_srf06-cc26xx/linkaddr.o
                0x00000000000055a4                linkaddr_copy
 .text.linkaddr_cmp
                0x00000000000055ac       0x10 obj_srf06-cc26xx/linkaddr.o
                0x00000000000055ac                linkaddr_cmp
 .text.periodic
                0x00000000000055bc       0x2c obj_srf06-cc26xx/link-stats.o
 .text.link_stats_from_lladdr
                0x00000000000055e8        0xc obj_srf06-cc26xx/link-stats.o
                0x00000000000055e8                link_stats_from_lladdr
 .text.link_stats_is_fresh
                0x00000000000055f4       0x28 obj_srf06-cc26xx/link-stats.o
                0x00000000000055f4                link_stats_is_fresh
 .text.link_stats_packet_sent
                0x000000000000561c       0xec obj_srf06-cc26xx/link-stats.o
                0x000000000000561c                link_stats_packet_sent
 .text.link_stats_input_callback
                0x0000000000005708       0x8c obj_srf06-cc26xx/link-stats.o
                0x0000000000005708                link_stats_input_callback
 .text.link_stats_reset
                0x0000000000005794       0x28 obj_srf06-cc26xx/link-stats.o
                0x0000000000005794                link_stats_reset
 .text.link_stats_init
                0x00000000000057bc       0x28 obj_srf06-cc26xx/link-stats.o
                0x00000000000057bc                link_stats_init
 .text.mac_sequence_is_duplicate
                0x00000000000057e4       0x4c obj_srf06-cc26xx/mac-sequence.o
                0x00000000000057e4                mac_sequence_is_duplicate
 .text.mac_sequence_register_seqno
                0x0000000000005830       0x70 obj_srf06-cc26xx/mac-sequence.o
                0x0000000000005830                mac_sequence_register_seqno
 .text.mac_call_sent_callback
                0x00000000000058a0       0x10 obj_srf06-cc26xx/mac.o
                0x00000000000058a0                mac_call_sent_callback
 .text.frame80215e_create_ie_header_ack_nack_time_correction
                0x00000000000058b0       0x34 obj_srf06-cc26xx/frame802154e-ie.o
                0x00000000000058b0                frame80215e_create_ie_header_ack_nack_time_correction
 .text.frame80215e_create_ie_header_list_termination_1
                0x00000000000058e4       0x18 obj_srf06-cc26xx/frame802154e-ie.o
                0x00000000000058e4                frame80215e_create_ie_header_list_termination_1
 .text.frame80215e_create_ie_mlme
                0x00000000000058fc       0x24 obj_srf06-cc26xx/frame802154e-ie.o
                0x00000000000058fc                frame80215e_create_ie_mlme
 .text.frame80215e_create_ie_tsch_synchronization
                0x0000000000005920       0x38 obj_srf06-cc26xx/frame802154e-ie.o
                0x0000000000005920                frame80215e_create_ie_tsch_synchronization
 .text.frame80215e_create_ie_tsch_slotframe_and_link
                0x0000000000005958       0x94 obj_srf06-cc26xx/frame802154e-ie.o
                0x0000000000005958                frame80215e_create_ie_tsch_slotframe_and_link
 .text.frame80215e_create_ie_tsch_timeslot
                0x00000000000059ec       0x4c obj_srf06-cc26xx/frame802154e-ie.o
                0x00000000000059ec                frame80215e_create_ie_tsch_timeslot
 .text.frame80215e_create_ie_tsch_channel_hopping_sequence
                0x0000000000005a38       0x80 obj_srf06-cc26xx/frame802154e-ie.o
                0x0000000000005a38                frame80215e_create_ie_tsch_channel_hopping_sequence
 .text.frame802154e_parse_information_elements
                0x0000000000005ab8      0x5a0 obj_srf06-cc26xx/frame802154e-ie.o
                0x0000000000005ab8                frame802154e_parse_information_elements
 .text.parse    0x0000000000006058      0x140 obj_srf06-cc26xx/framer-802154.o
 .text.framer_802154_setup_params
                0x0000000000006198       0xb4 obj_srf06-cc26xx/framer-802154.o
                0x0000000000006198                framer_802154_setup_params
 .text.create_frame
                0x000000000000624c      0x168 obj_srf06-cc26xx/framer-802154.o
 .text.create   0x00000000000063b4        0x8 obj_srf06-cc26xx/framer-802154.o
 .text.hdr_length
                0x00000000000063bc        0x8 obj_srf06-cc26xx/framer-802154.o
 .text.frame802154_get_pan_id
                0x00000000000063c4        0xc obj_srf06-cc26xx/frame802154.o
                0x00000000000063c4                frame802154_get_pan_id
 .text.frame802154_set_pan_id
                0x00000000000063d0        0xc obj_srf06-cc26xx/frame802154.o
                0x00000000000063d0                frame802154_set_pan_id
 .text.frame802154_has_panid
                0x00000000000063dc       0xb8 obj_srf06-cc26xx/frame802154.o
                0x00000000000063dc                frame802154_has_panid
 .text.field_len
                0x0000000000006494       0x8c obj_srf06-cc26xx/frame802154.o
 .text.frame802154_check_dest_panid
                0x0000000000006520       0x3c obj_srf06-cc26xx/frame802154.o
                0x0000000000006520                frame802154_check_dest_panid
 .text.frame802154_is_broadcast_addr
                0x000000000000655c       0x20 obj_srf06-cc26xx/frame802154.o
                0x000000000000655c                frame802154_is_broadcast_addr
 .text.frame802154_extract_linkaddr
                0x000000000000657c       0x98 obj_srf06-cc26xx/frame802154.o
                0x000000000000657c                frame802154_extract_linkaddr
 .text.frame802154_hdrlen
                0x0000000000006614       0x34 obj_srf06-cc26xx/frame802154.o
                0x0000000000006614                frame802154_hdrlen
 .text.frame802154_create_fcf
                0x0000000000006648       0x64 obj_srf06-cc26xx/frame802154.o
                0x0000000000006648                frame802154_create_fcf
 .text.frame802154_create
                0x00000000000066ac       0xb8 obj_srf06-cc26xx/frame802154.o
                0x00000000000066ac                frame802154_create
 .text.frame802154_parse_fcf
                0x0000000000006764       0x68 obj_srf06-cc26xx/frame802154.o
                0x0000000000006764                frame802154_parse_fcf
 .text.frame802154_parse
                0x00000000000067cc      0x134 obj_srf06-cc26xx/frame802154.o
                0x00000000000067cc                frame802154_parse
 .text.NOROM_AONRTCCurrentCompareValueGet
                0x0000000000006900       0x24 obj_srf06-cc26xx/aon_rtc.o
                0x0000000000006900                NOROM_AONRTCCurrentCompareValueGet
 .text.NOROM_OSCClockSourceSet
                0x0000000000006924       0x60 obj_srf06-cc26xx/osc.o
                0x0000000000006924                NOROM_OSCClockSourceSet
 .text.NOROM_OSCClockSourceGet
                0x0000000000006984       0x2c obj_srf06-cc26xx/osc.o
                0x0000000000006984                NOROM_OSCClockSourceGet
 .text.SafeHapiVoid
                0x00000000000069b0       0x2c obj_srf06-cc26xx/adi.o
                0x00000000000069b0                SafeHapiVoid
 .text.SafeHapiAuxAdiSelect
                0x00000000000069dc       0x30 obj_srf06-cc26xx/adi.o
                0x00000000000069dc                SafeHapiAuxAdiSelect
 .text.NOROM_RFCRTrim
                0x0000000000006a0c      0x138 obj_srf06-cc26xx/rfc.o
                0x0000000000006a0c                NOROM_RFCRTrim
 .text.NOROM_RFCAdi3VcoLdoVoltageMode
                0x0000000000006b44       0x20 obj_srf06-cc26xx/rfc.o
                0x0000000000006b44                NOROM_RFCAdi3VcoLdoVoltageMode
 .text.NOROM_DDI32RegWrite
                0x0000000000006b64       0x34 obj_srf06-cc26xx/ddi.o
                0x0000000000006b64                NOROM_DDI32RegWrite
 .text.TrimAfterColdResetWakeupFromShutDown
                0x0000000000006b98       0xd8 obj_srf06-cc26xx/setup.o
 .text.NOROM_SetupTrimDevice
                0x0000000000006c70       0xa4 obj_srf06-cc26xx/setup.o
                0x0000000000006c70                NOROM_SetupTrimDevice
 .text.NOROM_AONBatMonTemperatureGetDegC
                0x0000000000006d14       0x30 obj_srf06-cc26xx/aon_batmon.o
                0x0000000000006d14                NOROM_AONBatMonTemperatureGetDegC
 .text.NOROM_SysCtrlSetRechargeBeforePowerDown
                0x0000000000006d44      0x2b0 obj_srf06-cc26xx/sys_ctrl.o
                0x0000000000006d44                NOROM_SysCtrlSetRechargeBeforePowerDown
 .text.NOROM_SysCtrlAdjustRechargeAfterPowerDown
                0x0000000000006ff4       0x64 obj_srf06-cc26xx/sys_ctrl.o
                0x0000000000006ff4                NOROM_SysCtrlAdjustRechargeAfterPowerDown
 .text.NOROM_SysCtrl_DCDC_VoltageConditionalControl
                0x0000000000007058       0x7c obj_srf06-cc26xx/sys_ctrl.o
                0x0000000000007058                NOROM_SysCtrl_DCDC_VoltageConditionalControl
 .text.NOROM_CPUcpsid
                0x00000000000070d4        0x8 obj_srf06-cc26xx/cpu.o
                0x00000000000070d4                NOROM_CPUcpsid
 .text.NOROM_CPUcpsie
                0x00000000000070dc        0x8 obj_srf06-cc26xx/cpu.o
                0x00000000000070dc                NOROM_CPUcpsie
 .text.NOROM_PowerCtrlSourceSet
                0x00000000000070e4       0x30 obj_srf06-cc26xx/pwr_ctrl.o
                0x00000000000070e4                NOROM_PowerCtrlSourceSet
 .text.NOROM_SetupGetTrimForXoscHfCtl.part.3
                0x0000000000007114       0x20 obj_srf06-cc26xx/setup_rom.o
 .text.NOROM_SetupGetTrimForRadcExtCfg.part.4
                0x0000000000007134       0x20 obj_srf06-cc26xx/setup_rom.o
 .text.NOROM_SetupSetVddrLevel
                0x0000000000007154       0xa4 obj_srf06-cc26xx/setup_rom.o
                0x0000000000007154                NOROM_SetupSetVddrLevel
 .text.NOROM_SetupAfterColdResetWakeupFromShutDownCfg1
                0x00000000000071f8       0xc0 obj_srf06-cc26xx/setup_rom.o
                0x00000000000071f8                NOROM_SetupAfterColdResetWakeupFromShutDownCfg1
 .text.NOROM_SetupAfterColdResetWakeupFromShutDownCfg3
                0x00000000000072b8      0x194 obj_srf06-cc26xx/setup_rom.o
                0x00000000000072b8                NOROM_SetupAfterColdResetWakeupFromShutDownCfg3
 .text.NOROM_SetupGetTrimForAnabypassValue1
                0x000000000000744c       0x64 obj_srf06-cc26xx/setup_rom.o
                0x000000000000744c                NOROM_SetupGetTrimForAnabypassValue1
 .text.NOROM_SetupGetTrimForAmpcompCtrl
                0x00000000000074b0       0x74 obj_srf06-cc26xx/setup_rom.o
                0x00000000000074b0                NOROM_SetupGetTrimForAmpcompCtrl
 .text.NOROM_SetupAfterColdResetWakeupFromShutDownCfg2
                0x0000000000007524      0x19c obj_srf06-cc26xx/setup_rom.o
                0x0000000000007524                NOROM_SetupAfterColdResetWakeupFromShutDownCfg2
 .text.NOROM_SetupSetCacheModeAccordingToCcfgSetting
                0x00000000000076c0       0x6c obj_srf06-cc26xx/setup_rom.o
                0x00000000000076c0                NOROM_SetupSetCacheModeAccordingToCcfgSetting
 .text.NOROM_AUXADCDisable
                0x000000000000772c       0x80 obj_srf06-cc26xx/aux_adc.o
                0x000000000000772c                NOROM_AUXADCDisable
 .text.NOROM_AUXADCEnableSync
                0x00000000000077ac       0xbc obj_srf06-cc26xx/aux_adc.o
                0x00000000000077ac                NOROM_AUXADCEnableSync
 .text.NOROM_AUXADCReadFifo
                0x0000000000007868       0x18 obj_srf06-cc26xx/aux_adc.o
                0x0000000000007868                NOROM_AUXADCReadFifo
 .text.NOROM_ChipInfo_GetChipFamily
                0x0000000000007880       0x50 obj_srf06-cc26xx/chipinfo.o
                0x0000000000007880                NOROM_ChipInfo_GetChipFamily
 .text.NOROM_ChipInfo_GetChipType
                0x00000000000078d0       0x30 obj_srf06-cc26xx/chipinfo.o
                0x00000000000078d0                NOROM_ChipInfo_GetChipType
 .text.NOROM_ChipInfo_GetHwRevision
                0x0000000000007900       0x70 obj_srf06-cc26xx/chipinfo.o
                0x0000000000007900                NOROM_ChipInfo_GetHwRevision
 .text.NOROM_ThisCodeIsBuiltForCC13xxHwRev20AndLater_HaltIfViolated
                0x0000000000007970       0x18 obj_srf06-cc26xx/chipinfo.o
                0x0000000000007970                NOROM_ThisCodeIsBuiltForCC13xxHwRev20AndLater_HaltIfViolated
 .text.NOROM_TRNGConfigure
                0x0000000000007988       0x38 obj_srf06-cc26xx/trng.o
                0x0000000000007988                NOROM_TRNGConfigure
 .text.fill_space
                0x00000000000079c0       0x3c obj_srf06-cc26xx/strformat.o
 .text.format_str_v
                0x00000000000079fc      0x95c obj_srf06-cc26xx/strformat.o
                0x00000000000079fc                format_str_v
 .text.write_str
                0x0000000000008358       0x14 obj_srf06-cc26xx/printf.o
 .text.printf   0x000000000000836c       0x24 obj_srf06-cc26xx/printf.o
                0x000000000000836c                printf
 .text.buffer_str
                0x0000000000008390       0x28 obj_srf06-cc26xx/snprintf.o
 .text.snprintf
                0x00000000000083b8       0x38 obj_srf06-cc26xx/snprintf.o
                0x00000000000083b8                snprintf
 .text.tsch_queue_get_nbr
                0x00000000000083f0       0x38 obj_srf06-cc26xx/tsch-queue.o
                0x00000000000083f0                tsch_queue_get_nbr
 .text.tsch_queue_add_nbr
                0x0000000000008428       0x80 obj_srf06-cc26xx/tsch-queue.o
                0x0000000000008428                tsch_queue_add_nbr
 .text.tsch_queue_get_time_source
                0x00000000000084a8       0x30 obj_srf06-cc26xx/tsch-queue.o
                0x00000000000084a8                tsch_queue_get_time_source
 .text.tsch_queue_update_time_source
                0x00000000000084d8       0xc4 obj_srf06-cc26xx/tsch-queue.o
                0x00000000000084d8                tsch_queue_update_time_source
 .text.tsch_queue_add_packet
                0x000000000000859c       0xec obj_srf06-cc26xx/tsch-queue.o
                0x000000000000859c                tsch_queue_add_packet
 .text.tsch_queue_global_packet_count
                0x0000000000008688       0x14 obj_srf06-cc26xx/tsch-queue.o
                0x0000000000008688                tsch_queue_global_packet_count
 .text.tsch_queue_packet_count
                0x000000000000869c       0x24 obj_srf06-cc26xx/tsch-queue.o
                0x000000000000869c                tsch_queue_packet_count
 .text.tsch_queue_remove_packet_from_queue
                0x00000000000086c0       0x28 obj_srf06-cc26xx/tsch-queue.o
                0x00000000000086c0                tsch_queue_remove_packet_from_queue
 .text.tsch_queue_free_packet
                0x00000000000086e8       0x20 obj_srf06-cc26xx/tsch-queue.o
                0x00000000000086e8                tsch_queue_free_packet
 .text.tsch_queue_is_empty
                0x0000000000008708       0x20 obj_srf06-cc26xx/tsch-queue.o
                0x0000000000008708                tsch_queue_is_empty
 .text.tsch_queue_flush_nbr_queue
                0x0000000000008728       0x64 obj_srf06-cc26xx/tsch-queue.o
 .text.tsch_queue_reset
                0x000000000000878c       0x38 obj_srf06-cc26xx/tsch-queue.o
                0x000000000000878c                tsch_queue_reset
 .text.tsch_queue_free_unused_neighbors
                0x00000000000087c4       0x68 obj_srf06-cc26xx/tsch-queue.o
                0x00000000000087c4                tsch_queue_free_unused_neighbors
 .text.tsch_queue_get_packet_for_nbr
                0x000000000000882c       0x38 obj_srf06-cc26xx/tsch-queue.o
                0x000000000000882c                tsch_queue_get_packet_for_nbr
 .text.tsch_queue_get_unicast_packet_for_any
                0x0000000000008864       0x4c obj_srf06-cc26xx/tsch-queue.o
                0x0000000000008864                tsch_queue_get_unicast_packet_for_any
 .text.tsch_queue_backoff_inc
                0x00000000000088b0       0x28 obj_srf06-cc26xx/tsch-queue.o
                0x00000000000088b0                tsch_queue_backoff_inc
 .text.tsch_queue_packet_sent
                0x00000000000088d8       0x64 obj_srf06-cc26xx/tsch-queue.o
                0x00000000000088d8                tsch_queue_packet_sent
 .text.tsch_queue_update_all_backoff_windows
                0x000000000000893c       0x58 obj_srf06-cc26xx/tsch-queue.o
                0x000000000000893c                tsch_queue_update_all_backoff_windows
 .text.tsch_queue_init
                0x0000000000008994       0x48 obj_srf06-cc26xx/tsch-queue.o
                0x0000000000008994                tsch_queue_init
 .text.print_link_options
                0x00000000000089dc       0x5c obj_srf06-cc26xx/tsch-schedule.o
 .text.tsch_schedule_get_slotframe_by_handle
                0x0000000000008a38       0x34 obj_srf06-cc26xx/tsch-schedule.o
                0x0000000000008a38                tsch_schedule_get_slotframe_by_handle
 .text.tsch_schedule_add_slotframe
                0x0000000000008a6c       0x98 obj_srf06-cc26xx/tsch-schedule.o
                0x0000000000008a6c                tsch_schedule_add_slotframe
 .text.tsch_schedule_remove_link
                0x0000000000008b04      0x12c obj_srf06-cc26xx/tsch-schedule.o
                0x0000000000008b04                tsch_schedule_remove_link
 .text.tsch_schedule_remove_slotframe
                0x0000000000008c30       0x78 obj_srf06-cc26xx/tsch-schedule.o
                0x0000000000008c30                tsch_schedule_remove_slotframe
 .text.tsch_schedule_remove_all_slotframes
                0x0000000000008ca8       0x1c obj_srf06-cc26xx/tsch-schedule.o
                0x0000000000008ca8                tsch_schedule_remove_all_slotframes
 .text.tsch_schedule_get_link_by_timeslot
                0x0000000000008cc4       0x34 obj_srf06-cc26xx/tsch-schedule.o
                0x0000000000008cc4                tsch_schedule_get_link_by_timeslot
 .text.tsch_schedule_remove_link_by_timeslot
                0x0000000000008cf8       0x1c obj_srf06-cc26xx/tsch-schedule.o
                0x0000000000008cf8                tsch_schedule_remove_link_by_timeslot
 .text.tsch_schedule_add_link
                0x0000000000008d14      0x1c8 obj_srf06-cc26xx/tsch-schedule.o
                0x0000000000008d14                tsch_schedule_add_link
 .text.tsch_schedule_get_next_active_link
                0x0000000000008edc      0x120 obj_srf06-cc26xx/tsch-schedule.o
                0x0000000000008edc                tsch_schedule_get_next_active_link
 .text.tsch_schedule_init
                0x0000000000008ffc       0x30 obj_srf06-cc26xx/tsch-schedule.o
                0x0000000000008ffc                tsch_schedule_init
 .text.tsch_schedule_create_minimal
                0x000000000000902c       0x2c obj_srf06-cc26xx/tsch-schedule.o
                0x000000000000902c                tsch_schedule_create_minimal
 .text.tsch_schedule_slotframe_head
                0x0000000000009058        0xc obj_srf06-cc26xx/tsch-schedule.o
                0x0000000000009058                tsch_schedule_slotframe_head
 .text.tsch_schedule_slotframe_next
                0x0000000000009064        0x4 obj_srf06-cc26xx/tsch-schedule.o
                0x0000000000009064                tsch_schedule_slotframe_next
 .text.tsch_schedule_slot_operation
                0x0000000000009068       0xa4 obj_srf06-cc26xx/tsch-slot-operation.o
 .text.tsch_radio_off
                0x000000000000910c       0x1c obj_srf06-cc26xx/tsch-slot-operation.o
 .text.get_packet_and_neighbor_for_link.constprop.4
                0x0000000000009128       0x78 obj_srf06-cc26xx/tsch-slot-operation.o
 .text.tsch_tx_slot.constprop.3
                0x00000000000091a0      0x598 obj_srf06-cc26xx/tsch-slot-operation.o
 .text.tsch_slot_operation
                0x0000000000009738      0x8e0 obj_srf06-cc26xx/tsch-slot-operation.o
 .text.tsch_is_locked
                0x000000000000a018        0xc obj_srf06-cc26xx/tsch-slot-operation.o
                0x000000000000a018                tsch_is_locked
 .text.tsch_get_lock
                0x000000000000a024       0xa8 obj_srf06-cc26xx/tsch-slot-operation.o
                0x000000000000a024                tsch_get_lock
 .text.tsch_release_lock
                0x000000000000a0cc        0xc obj_srf06-cc26xx/tsch-slot-operation.o
                0x000000000000a0cc                tsch_release_lock
 .text.tsch_slot_operation_start
                0x000000000000a0d8       0x88 obj_srf06-cc26xx/tsch-slot-operation.o
                0x000000000000a0d8                tsch_slot_operation_start
 .text.tsch_slot_operation_sync
                0x000000000000a160       0x3c obj_srf06-cc26xx/tsch-slot-operation.o
                0x000000000000a160                tsch_slot_operation_sync
 .text.tsch_rpl_callback_ka_sent
                0x000000000000a19c       0x20 obj_srf06-cc26xx/tsch-rpl.o
                0x000000000000a19c                tsch_rpl_callback_ka_sent
 .text.tsch_rpl_callback_joining_network
                0x000000000000a1bc        0x4 obj_srf06-cc26xx/tsch-rpl.o
                0x000000000000a1bc                tsch_rpl_callback_joining_network
 .text.tsch_rpl_callback_leaving_network
                0x000000000000a1c0       0x1c obj_srf06-cc26xx/tsch-rpl.o
                0x000000000000a1c0                tsch_rpl_callback_leaving_network
 .text.tsch_rpl_callback_new_dio_interval
                0x000000000000a1dc       0x48 obj_srf06-cc26xx/tsch-rpl.o
                0x000000000000a1dc                tsch_rpl_callback_new_dio_interval
 .text.tsch_rpl_callback_parent_switch
                0x000000000000a224       0x28 obj_srf06-cc26xx/tsch-rpl.o
                0x000000000000a224                tsch_rpl_callback_parent_switch
 .text.compensate_internal
                0x000000000000a24c       0xf8 obj_srf06-cc26xx/tsch-adaptive-timesync.o
 .text.tsch_adaptive_timesync_get_drift_ppm
                0x000000000000a344       0x14 obj_srf06-cc26xx/tsch-adaptive-timesync.o
                0x000000000000a344                tsch_adaptive_timesync_get_drift_ppm
 .text.tsch_timesync_update
                0x000000000000a358      0x180 obj_srf06-cc26xx/tsch-adaptive-timesync.o
                0x000000000000a358                tsch_timesync_update
 .text.tsch_timesync_adaptive_compensate
                0x000000000000a4d8       0x6c obj_srf06-cc26xx/tsch-adaptive-timesync.o
                0x000000000000a4d8                tsch_timesync_adaptive_compensate
 .text.tsch_packet_eackbuf_attr
                0x000000000000a544        0xc obj_srf06-cc26xx/tsch-packet.o
                0x000000000000a544                tsch_packet_eackbuf_attr
 .text.tsch_packet_create_eack
                0x000000000000a550       0xac obj_srf06-cc26xx/tsch-packet.o
                0x000000000000a550                tsch_packet_create_eack
 .text.tsch_packet_parse_eack
                0x000000000000a5fc       0xb8 obj_srf06-cc26xx/tsch-packet.o
                0x000000000000a5fc                tsch_packet_parse_eack
 .text.tsch_packet_create_eb
                0x000000000000a6b4      0x158 obj_srf06-cc26xx/tsch-packet.o
                0x000000000000a6b4                tsch_packet_create_eb
 .text.tsch_packet_update_eb
                0x000000000000a80c       0x3c obj_srf06-cc26xx/tsch-packet.o
                0x000000000000a80c                tsch_packet_update_eb
 .text.tsch_packet_parse_eb
                0x000000000000a848      0x170 obj_srf06-cc26xx/tsch-packet.o
                0x000000000000a848                tsch_packet_parse_eb
 .text.tsch_packet_set_frame_pending
                0x000000000000a9b8        0xc obj_srf06-cc26xx/tsch-packet.o
                0x000000000000a9b8                tsch_packet_set_frame_pending
 .text.tsch_packet_get_frame_pending
                0x000000000000a9c4        0x8 obj_srf06-cc26xx/tsch-packet.o
                0x000000000000a9c4                tsch_packet_get_frame_pending
 .text.turn_off
                0x000000000000a9cc       0x10 obj_srf06-cc26xx/tsch.o
 .text.tsch_reset
                0x000000000000a9dc       0xc0 obj_srf06-cc26xx/tsch.o
 .text.process_thread_tsch_send_eb_process
                0x000000000000aa9c      0x180 obj_srf06-cc26xx/tsch.o
 .text.send_packet
                0x000000000000ac1c      0x1e4 obj_srf06-cc26xx/tsch.o
 .text.tsch_init
                0x000000000000ae00      0x164 obj_srf06-cc26xx/tsch.o
 .text.packet_input
                0x000000000000af64      0x110 obj_srf06-cc26xx/tsch.o
 .text.keepalive_send
                0x000000000000b074       0xa0 obj_srf06-cc26xx/tsch.o
 .text.turn_on  0x000000000000b114       0x90 obj_srf06-cc26xx/tsch.o
 .text.tsch_disassociate.part.5
                0x000000000000b1a4       0x20 obj_srf06-cc26xx/tsch.o
 .text.process_thread_tsch_pending_events_process
                0x000000000000b1c4      0x2dc obj_srf06-cc26xx/tsch.o
 .text.tsch_set_coordinator
                0x000000000000b4a0       0x28 obj_srf06-cc26xx/tsch.o
                0x000000000000b4a0                tsch_set_coordinator
 .text.tsch_set_pan_secured
                0x000000000000b4c8        0xc obj_srf06-cc26xx/tsch.o
                0x000000000000b4c8                tsch_set_pan_secured
 .text.tsch_set_join_priority
                0x000000000000b4d4        0xc obj_srf06-cc26xx/tsch.o
                0x000000000000b4d4                tsch_set_join_priority
 .text.tsch_set_eb_period
                0x000000000000b4e0       0x14 obj_srf06-cc26xx/tsch.o
                0x000000000000b4e0                tsch_set_eb_period
 .text.tsch_schedule_keepalive
                0x000000000000b4f4       0x60 obj_srf06-cc26xx/tsch.o
                0x000000000000b4f4                tsch_schedule_keepalive
 .text.tsch_set_ka_timeout
                0x000000000000b554       0x18 obj_srf06-cc26xx/tsch.o
                0x000000000000b554                tsch_set_ka_timeout
 .text.tsch_schedule_keepalive_immediately
                0x000000000000b56c       0x28 obj_srf06-cc26xx/tsch.o
                0x000000000000b56c                tsch_schedule_keepalive_immediately
 .text.keepalive_packet_sent
                0x000000000000b594      0x120 obj_srf06-cc26xx/tsch.o
 .text.tsch_disassociate
                0x000000000000b6b4       0x14 obj_srf06-cc26xx/tsch.o
                0x000000000000b6b4                tsch_disassociate
 .text.tsch_scan
                0x000000000000b6c8      0x614 obj_srf06-cc26xx/tsch.o
                0x000000000000b6c8                tsch_scan
 .text.process_thread_tsch_process
                0x000000000000bcdc      0x15c obj_srf06-cc26xx/tsch.o
 .text.tsch_log_process_pending
                0x000000000000be38      0x1d8 obj_srf06-cc26xx/tsch-log.o
                0x000000000000be38                tsch_log_process_pending
 .text.tsch_log_prepare_add
                0x000000000000c010       0x64 obj_srf06-cc26xx/tsch-log.o
                0x000000000000c010                tsch_log_prepare_add
 .text.tsch_log_commit
                0x000000000000c074       0x28 obj_srf06-cc26xx/tsch-log.o
                0x000000000000c074                tsch_log_commit
 .text.tsch_log_init
                0x000000000000c09c       0x20 obj_srf06-cc26xx/tsch-log.o
                0x000000000000c09c                tsch_log_init
 .text.tsch_log_stop
                0x000000000000c0bc       0x1c obj_srf06-cc26xx/tsch-log.o
                0x000000000000c0bc                tsch_log_stop
 .text.uipbuf_get_attr
                0x000000000000c0d8       0x14 obj_srf06-cc26xx/uipbuf.o
                0x000000000000c0d8                uipbuf_get_attr
 .text.uipbuf_clear_attr
                0x000000000000c0ec       0x18 obj_srf06-cc26xx/uipbuf.o
                0x000000000000c0ec                uipbuf_clear_attr
 .text.echo_reply_input
                0x000000000000c104       0xb4 obj_srf06-cc26xx/uip-icmp6.o
 .text.echo_request_input
                0x000000000000c1b8       0xb8 obj_srf06-cc26xx/uip-icmp6.o
 .text.uip_icmp6_input
                0x000000000000c270       0x3c obj_srf06-cc26xx/uip-icmp6.o
                0x000000000000c270                uip_icmp6_input
 .text.uip_icmp6_register_input_handler
                0x000000000000c2ac        0xc obj_srf06-cc26xx/uip-icmp6.o
                0x000000000000c2ac                uip_icmp6_register_input_handler
 .text.uip_icmp6_error_output
                0x000000000000c2b8      0x1d8 obj_srf06-cc26xx/uip-icmp6.o
                0x000000000000c2b8                uip_icmp6_error_output
 .text.uip_icmp6_send
                0x000000000000c490       0x88 obj_srf06-cc26xx/uip-icmp6.o
                0x000000000000c490                uip_icmp6_send
 .text.uip_icmp6_echo_reply_callback_add
                0x000000000000c518       0x14 obj_srf06-cc26xx/uip-icmp6.o
                0x000000000000c518                uip_icmp6_echo_reply_callback_add
 .text.uip_icmp6_init
                0x000000000000c52c       0x24 obj_srf06-cc26xx/uip-icmp6.o
                0x000000000000c52c                uip_icmp6_init
 .text.node_matches_address.part.0
                0x000000000000c550       0x28 obj_srf06-cc26xx/uip-sr.o
 .text.uip_sr_num_nodes
                0x000000000000c578        0xc obj_srf06-cc26xx/uip-sr.o
                0x000000000000c578                uip_sr_num_nodes
 .text.uip_sr_get_node
                0x000000000000c584       0x3c obj_srf06-cc26xx/uip-sr.o
                0x000000000000c584                uip_sr_get_node
 .text.uip_sr_is_addr_reachable
                0x000000000000c5c0       0x4c obj_srf06-cc26xx/uip-sr.o
                0x000000000000c5c0                uip_sr_is_addr_reachable
 .text.uip_sr_expire_parent
                0x000000000000c60c       0x2c obj_srf06-cc26xx/uip-sr.o
                0x000000000000c60c                uip_sr_expire_parent
 .text.uip_sr_update_node
                0x000000000000c638      0x120 obj_srf06-cc26xx/uip-sr.o
                0x000000000000c638                uip_sr_update_node
 .text.uip_sr_init
                0x000000000000c758       0x24 obj_srf06-cc26xx/uip-sr.o
                0x000000000000c758                uip_sr_init
 .text.uip_sr_node_head
                0x000000000000c77c        0xc obj_srf06-cc26xx/uip-sr.o
                0x000000000000c77c                uip_sr_node_head
 .text.uip_sr_node_next
                0x000000000000c788        0x4 obj_srf06-cc26xx/uip-sr.o
                0x000000000000c788                uip_sr_node_next
 .text.uip_sr_periodic
                0x000000000000c78c       0x74 obj_srf06-cc26xx/uip-sr.o
                0x000000000000c78c                uip_sr_periodic
 .text.uip_sr_free_all
                0x000000000000c800       0x40 obj_srf06-cc26xx/uip-sr.o
                0x000000000000c800                uip_sr_free_all
 .text.uip_sr_link_snprint
                0x000000000000c840       0x9c obj_srf06-cc26xx/uip-sr.o
                0x000000000000c840                uip_sr_link_snprint
 .text.uip_ds6_list_loop
                0x000000000000c8dc       0x60 obj_srf06-cc26xx/uip-ds6.o
                0x000000000000c8dc                uip_ds6_list_loop
 .text.uip_ds6_prefix_add
                0x000000000000c93c       0x6c obj_srf06-cc26xx/uip-ds6.o
                0x000000000000c93c                uip_ds6_prefix_add
 .text.uip_ds6_is_addr_onlink
                0x000000000000c9a8       0x44 obj_srf06-cc26xx/uip-ds6.o
                0x000000000000c9a8                uip_ds6_is_addr_onlink
 .text.uip_ds6_addr_lookup
                0x000000000000c9ec       0x30 obj_srf06-cc26xx/uip-ds6.o
                0x000000000000c9ec                uip_ds6_addr_lookup
 .text.uip_ds6_get_link_local
                0x000000000000ca1c       0x44 obj_srf06-cc26xx/uip-ds6.o
                0x000000000000ca1c                uip_ds6_get_link_local
 .text.uip_ds6_maddr_add
                0x000000000000ca60       0x50 obj_srf06-cc26xx/uip-ds6.o
                0x000000000000ca60                uip_ds6_maddr_add
 .text.uip_ds6_addr_add
                0x000000000000cab0       0xa8 obj_srf06-cc26xx/uip-ds6.o
                0x000000000000cab0                uip_ds6_addr_add
 .text.uip_ds6_maddr_lookup
                0x000000000000cb58       0x30 obj_srf06-cc26xx/uip-ds6.o
                0x000000000000cb58                uip_ds6_maddr_lookup
 .text.uip_ds6_addr_rm
                0x000000000000cb88       0x48 obj_srf06-cc26xx/uip-ds6.o
                0x000000000000cb88                uip_ds6_addr_rm
 .text.uip_ds6_periodic
                0x000000000000cbd0       0x5c obj_srf06-cc26xx/uip-ds6.o
                0x000000000000cbd0                uip_ds6_periodic
 .text.uip_ds6_select_src
                0x000000000000cc2c       0xf4 obj_srf06-cc26xx/uip-ds6.o
                0x000000000000cc2c                uip_ds6_select_src
 .text.uip_ds6_set_addr_iid
                0x000000000000cd20       0x18 obj_srf06-cc26xx/uip-ds6.o
                0x000000000000cd20                uip_ds6_set_addr_iid
 .text.uip_ds6_set_lladdr_from_iid
                0x000000000000cd38       0x18 obj_srf06-cc26xx/uip-ds6.o
                0x000000000000cd38                uip_ds6_set_lladdr_from_iid
 .text.uip_ds6_compute_reachable_time
                0x000000000000cd50       0x28 obj_srf06-cc26xx/uip-ds6.o
                0x000000000000cd50                uip_ds6_compute_reachable_time
 .text.uip_ds6_init
                0x000000000000cd78       0xf8 obj_srf06-cc26xx/uip-ds6.o
                0x000000000000cd78                uip_ds6_init
 .text.uiplib_ip6addrconv
                0x000000000000ce70       0xd8 obj_srf06-cc26xx/uiplib.o
                0x000000000000ce70                uiplib_ip6addrconv
 .text.uiplib_ipaddr_snprint
                0x000000000000cf48       0xfc obj_srf06-cc26xx/uiplib.o
                0x000000000000cf48                uiplib_ipaddr_snprint
 .text.uip_ds6_route_init
                0x000000000000d044       0x1c obj_srf06-cc26xx/uip-ds6-route.o
                0x000000000000d044                uip_ds6_route_init
 .text.uip_ds6_route_nexthop
                0x000000000000d060        0x4 obj_srf06-cc26xx/uip-ds6-route.o
                0x000000000000d060                uip_ds6_route_nexthop
 .text.uip_ds6_route_lookup
                0x000000000000d064        0x4 obj_srf06-cc26xx/uip-ds6-route.o
                0x000000000000d064                uip_ds6_route_lookup
 .text.uip_ds6_route_rm
                0x000000000000d068        0x4 obj_srf06-cc26xx/uip-ds6-route.o
                0x000000000000d068                uip_ds6_route_rm
 .text.uip_ds6_defrt_rm
                0x000000000000d06c       0x3c obj_srf06-cc26xx/uip-ds6-route.o
                0x000000000000d06c                uip_ds6_defrt_rm
 .text.uip_ds6_defrt_lookup
                0x000000000000d0a8       0x3c obj_srf06-cc26xx/uip-ds6-route.o
                0x000000000000d0a8                uip_ds6_defrt_lookup
 .text.uip_ds6_defrt_add
                0x000000000000d0e4       0xac obj_srf06-cc26xx/uip-ds6-route.o
                0x000000000000d0e4                uip_ds6_defrt_add
 .text.uip_ds6_defrt_choose
                0x000000000000d190       0x34 obj_srf06-cc26xx/uip-ds6-route.o
                0x000000000000d190                uip_ds6_defrt_choose
 .text.uip_ds6_defrt_periodic
                0x000000000000d1c4       0x3c obj_srf06-cc26xx/uip-ds6-route.o
                0x000000000000d1c4                uip_ds6_defrt_periodic
 .text.tcpip_output
                0x000000000000d200       0x40 obj_srf06-cc26xx/tcpip.o
                0x000000000000d200                tcpip_output
 .text.tcpip_input
                0x000000000000d240       0x34 obj_srf06-cc26xx/tcpip.o
                0x000000000000d240                tcpip_input
 .text.tcpip_ipv6_output
                0x000000000000d274      0x1fc obj_srf06-cc26xx/tcpip.o
                0x000000000000d274                tcpip_ipv6_output
 .text.packet_input.part.3
                0x000000000000d470       0x1c obj_srf06-cc26xx/tcpip.o
 .text.process_thread_tcpip_process
                0x000000000000d48c       0xd8 obj_srf06-cc26xx/tcpip.o
 .text.tcpip_uipcall
                0x000000000000d564       0x2c obj_srf06-cc26xx/tcpip.o
                0x000000000000d564                tcpip_uipcall
 .text.chksum   0x000000000000d590       0x50 obj_srf06-cc26xx/uip6.o
 .text.upper_layer_chksum
                0x000000000000d5e0       0x58 obj_srf06-cc26xx/uip6.o
 .text.ext_hdr_options_process
                0x000000000000d638      0x104 obj_srf06-cc26xx/uip6.o
 .text.uip_icmp6chksum
                0x000000000000d73c        0x8 obj_srf06-cc26xx/uip6.o
                0x000000000000d73c                uip_icmp6chksum
 .text.uip_init
                0x000000000000d744       0x30 obj_srf06-cc26xx/uip6.o
                0x000000000000d744                uip_init
 .text.remove_ext_hdr
                0x000000000000d774       0x90 obj_srf06-cc26xx/uip6.o
                0x000000000000d774                remove_ext_hdr
 .text.uip_process
                0x000000000000d804      0x7f0 obj_srf06-cc26xx/uip6.o
                0x000000000000d804                uip_process
 .text.uip_htonl
                0x000000000000dff4       0x14 obj_srf06-cc26xx/uip6.o
                0x000000000000dff4                uip_htonl
 .text.uip_ds6_nbr_rm
                0x000000000000e008       0x24 obj_srf06-cc26xx/uip-ds6-nbr.o
                0x000000000000e008                uip_ds6_nbr_rm
 .text.uip_ds6_neighbors_init
                0x000000000000e02c       0x1c obj_srf06-cc26xx/uip-ds6-nbr.o
                0x000000000000e02c                uip_ds6_neighbors_init
 .text.uip_ds6_nbr_add
                0x000000000000e048       0x40 obj_srf06-cc26xx/uip-ds6-nbr.o
                0x000000000000e048                uip_ds6_nbr_add
 .text.uip_ds6_nbr_update_ll
                0x000000000000e088      0x11c obj_srf06-cc26xx/uip-ds6-nbr.o
                0x000000000000e088                uip_ds6_nbr_update_ll
 .text.uip_ds6_nbr_get_ipaddr
                0x000000000000e1a4        0x4 obj_srf06-cc26xx/uip-ds6-nbr.o
                0x000000000000e1a4                uip_ds6_nbr_get_ipaddr
 .text.uip_ds6_nbr_get_ll
                0x000000000000e1a8       0x10 obj_srf06-cc26xx/uip-ds6-nbr.o
                0x000000000000e1a8                uip_ds6_nbr_get_ll
 .text.uip_ds6_nbr_head
                0x000000000000e1b8        0xc obj_srf06-cc26xx/uip-ds6-nbr.o
                0x000000000000e1b8                uip_ds6_nbr_head
 .text.uip_ds6_nbr_next
                0x000000000000e1c4       0x10 obj_srf06-cc26xx/uip-ds6-nbr.o
                0x000000000000e1c4                uip_ds6_nbr_next
 .text.uip_ds6_nbr_lookup
                0x000000000000e1d4       0x3c obj_srf06-cc26xx/uip-ds6-nbr.o
                0x000000000000e1d4                uip_ds6_nbr_lookup
 .text.uip_ds6_nbr_ipaddr_from_lladdr
                0x000000000000e210       0x10 obj_srf06-cc26xx/uip-ds6-nbr.o
                0x000000000000e210                uip_ds6_nbr_ipaddr_from_lladdr
 .text.uip_ds6_nbr_lladdr_from_ipaddr
                0x000000000000e220       0x1c obj_srf06-cc26xx/uip-ds6-nbr.o
                0x000000000000e220                uip_ds6_nbr_lladdr_from_ipaddr
 .text.uip_ds6_link_callback
                0x000000000000e23c        0x4 obj_srf06-cc26xx/uip-ds6-nbr.o
                0x000000000000e23c                uip_ds6_link_callback
 .text.ns_input
                0x000000000000e240      0x2f8 obj_srf06-cc26xx/uip-nd6.o
 .text.uip_nd6_init
                0x000000000000e538        0xc obj_srf06-cc26xx/uip-nd6.o
                0x000000000000e538                uip_nd6_init
 .text.sicslowpan_init
                0x000000000000e544       0x18 obj_srf06-cc26xx/sicslowpan.o
                0x000000000000e544                sicslowpan_init
 .text.set_packet_attrs
                0x000000000000e55c       0x4c obj_srf06-cc26xx/sicslowpan.o
 .text.compress_addr_64
                0x000000000000e5a8       0xa0 obj_srf06-cc26xx/sicslowpan.o
 .text.addr_context_lookup_by_prefix
                0x000000000000e648       0x24 obj_srf06-cc26xx/sicslowpan.o
 .text.output   0x000000000000e66c      0x8f8 obj_srf06-cc26xx/sicslowpan.o
 .text.packet_sent
                0x000000000000ef64       0x5c obj_srf06-cc26xx/sicslowpan.o
 .text.uncompress_addr
                0x000000000000efc0       0xb0 obj_srf06-cc26xx/sicslowpan.o
 .text.input    0x000000000000f070      0x67c obj_srf06-cc26xx/sicslowpan.o
 .text.update_state
                0x000000000000f6ec       0xa8 obj_srf06-cc26xx/rpl-nbr-policy.o
 .text.rpl_nbr_policy_find_removable
                0x000000000000f794       0x84 obj_srf06-cc26xx/rpl-nbr-policy.o
                0x000000000000f794                rpl_nbr_policy_find_removable
 .text.remove_neighbor
                0x000000000000f818       0x3c obj_srf06-cc26xx/rpl-neighbor.o
 .text.rpl_neighbor_count
                0x000000000000f854       0x30 obj_srf06-cc26xx/rpl-neighbor.o
                0x000000000000f854                rpl_neighbor_count
 .text.rpl_neighbor_get_from_lladdr
                0x000000000000f884       0x10 obj_srf06-cc26xx/rpl-neighbor.o
                0x000000000000f884                rpl_neighbor_get_from_lladdr
 .text.rpl_neighbor_get_link_metric
                0x000000000000f894       0x18 obj_srf06-cc26xx/rpl-neighbor.o
                0x000000000000f894                rpl_neighbor_get_link_metric
 .text.rpl_neighbor_rank_via_nbr
                0x000000000000f8ac       0x18 obj_srf06-cc26xx/rpl-neighbor.o
                0x000000000000f8ac                rpl_neighbor_rank_via_nbr
 .text.rpl_neighbor_get_ipaddr
                0x000000000000f8c4       0x18 obj_srf06-cc26xx/rpl-neighbor.o
                0x000000000000f8c4                rpl_neighbor_get_ipaddr
 .text.rpl_neighbor_get_link_stats
                0x000000000000f8dc       0x18 obj_srf06-cc26xx/rpl-neighbor.o
                0x000000000000f8dc                rpl_neighbor_get_link_stats
 .text.best_parent
                0x000000000000f8f4       0xac obj_srf06-cc26xx/rpl-neighbor.o
 .text.rpl_neighbor_snprint
                0x000000000000f9a0      0x1f8 obj_srf06-cc26xx/rpl-neighbor.o
                0x000000000000f9a0                rpl_neighbor_snprint
 .text.rpl_neighbor_print_list
                0x000000000000fb98      0x12c obj_srf06-cc26xx/rpl-neighbor.o
                0x000000000000fb98                rpl_neighbor_print_list
 .text.rpl_neighbor_is_fresh
                0x000000000000fcc4       0x10 obj_srf06-cc26xx/rpl-neighbor.o
                0x000000000000fcc4                rpl_neighbor_is_fresh
 .text.rpl_neighbor_is_parent
                0x000000000000fcd4       0x18 obj_srf06-cc26xx/rpl-neighbor.o
                0x000000000000fcd4                rpl_neighbor_is_parent
 .text.rpl_neighbor_set_preferred_parent
                0x000000000000fcec       0xbc obj_srf06-cc26xx/rpl-neighbor.o
                0x000000000000fcec                rpl_neighbor_set_preferred_parent
 .text.rpl_neighbor_remove_all
                0x000000000000fda8       0x5c obj_srf06-cc26xx/rpl-neighbor.o
                0x000000000000fda8                rpl_neighbor_remove_all
 .text.rpl_neighbor_get_from_ipaddr
                0x000000000000fe04       0x1c obj_srf06-cc26xx/rpl-neighbor.o
                0x000000000000fe04                rpl_neighbor_get_from_ipaddr
 .text.rpl_neighbor_select_best
                0x000000000000fe20       0xac obj_srf06-cc26xx/rpl-neighbor.o
                0x000000000000fe20                rpl_neighbor_select_best
 .text.rpl_neighbor_init
                0x000000000000fecc       0x14 obj_srf06-cc26xx/rpl-neighbor.o
                0x000000000000fecc                rpl_neighbor_init
 .text.init_dag
                0x000000000000fee0       0xd8 obj_srf06-cc26xx/rpl-dag.o
 .text.init_dag_from_dio
                0x000000000000ffb8       0x98 obj_srf06-cc26xx/rpl-dag.o
 .text.rpl_local_repair.part.2
                0x0000000000010050       0x60 obj_srf06-cc26xx/rpl-dag.o
 .text.rpl_dag_update_state.part.4
                0x00000000000100b0      0x1f4 obj_srf06-cc26xx/rpl-dag.o
 .text.rpl_dag_state_to_str
                0x00000000000102a4       0x18 obj_srf06-cc26xx/rpl-dag.o
                0x00000000000102a4                rpl_dag_state_to_str
 .text.rpl_dag_get_root_ipaddr
                0x00000000000102bc       0x30 obj_srf06-cc26xx/rpl-dag.o
                0x00000000000102bc                rpl_dag_get_root_ipaddr
 .text.rpl_dag_leave
                0x00000000000102ec       0xac obj_srf06-cc26xx/rpl-dag.o
                0x00000000000102ec                rpl_dag_leave
 .text.rpl_dag_poison_and_leave
                0x0000000000010398       0x10 obj_srf06-cc26xx/rpl-dag.o
                0x0000000000010398                rpl_dag_poison_and_leave
 .text.rpl_dag_periodic
                0x00000000000103a8       0x94 obj_srf06-cc26xx/rpl-dag.o
                0x00000000000103a8                rpl_dag_periodic
 .text.rpl_is_addr_in_our_dag
                0x000000000001043c       0x28 obj_srf06-cc26xx/rpl-dag.o
                0x000000000001043c                rpl_is_addr_in_our_dag
 .text.rpl_refresh_routes
                0x0000000000010464       0x68 obj_srf06-cc26xx/rpl-dag.o
                0x0000000000010464                rpl_refresh_routes
 .text.rpl_global_repair
                0x00000000000104cc       0x88 obj_srf06-cc26xx/rpl-dag.o
                0x00000000000104cc                rpl_global_repair
 .text.rpl_local_repair